Archive member included to satisfy reference by file (symbol)

c:/st/stm32cubeide_1.7.0/stm32cubeide/plugins/com.st.stm32cube.ide.mcu.externaltools.gnu-tools-for-stm32.9-2020-q2-update.win32_2.0.0.202105311346/tools/bin/../lib/gcc/arm-none-eabi/9.3.1/../../../../arm-none-eabi/lib/thumb/v7-m/nofp\libc_nano.a(lib_a-errno.o)
                              ./Core/Src/syscalls.o (__errno)
c:/st/stm32cubeide_1.7.0/stm32cubeide/plugins/com.st.stm32cube.ide.mcu.externaltools.gnu-tools-for-stm32.9-2020-q2-update.win32_2.0.0.202105311346/tools/bin/../lib/gcc/arm-none-eabi/9.3.1/../../../../arm-none-eabi/lib/thumb/v7-m/nofp\libc_nano.a(lib_a-exit.o)
                              c:/st/stm32cubeide_1.7.0/stm32cubeide/plugins/com.st.stm32cube.ide.mcu.externaltools.gnu-tools-for-stm32.9-2020-q2-update.win32_2.0.0.202105311346/tools/bin/../lib/gcc/arm-none-eabi/9.3.1/../../../../arm-none-eabi/lib/thumb/v7-m/nofp/crt0.o (exit)
c:/st/stm32cubeide_1.7.0/stm32cubeide/plugins/com.st.stm32cube.ide.mcu.externaltools.gnu-tools-for-stm32.9-2020-q2-update.win32_2.0.0.202105311346/tools/bin/../lib/gcc/arm-none-eabi/9.3.1/../../../../arm-none-eabi/lib/thumb/v7-m/nofp\libc_nano.a(lib_a-impure.o)
                              c:/st/stm32cubeide_1.7.0/stm32cubeide/plugins/com.st.stm32cube.ide.mcu.externaltools.gnu-tools-for-stm32.9-2020-q2-update.win32_2.0.0.202105311346/tools/bin/../lib/gcc/arm-none-eabi/9.3.1/../../../../arm-none-eabi/lib/thumb/v7-m/nofp\libc_nano.a(lib_a-exit.o) (_global_impure_ptr)
c:/st/stm32cubeide_1.7.0/stm32cubeide/plugins/com.st.stm32cube.ide.mcu.externaltools.gnu-tools-for-stm32.9-2020-q2-update.win32_2.0.0.202105311346/tools/bin/../lib/gcc/arm-none-eabi/9.3.1/../../../../arm-none-eabi/lib/thumb/v7-m/nofp\libc_nano.a(lib_a-init.o)
                              c:/st/stm32cubeide_1.7.0/stm32cubeide/plugins/com.st.stm32cube.ide.mcu.externaltools.gnu-tools-for-stm32.9-2020-q2-update.win32_2.0.0.202105311346/tools/bin/../lib/gcc/arm-none-eabi/9.3.1/../../../../arm-none-eabi/lib/thumb/v7-m/nofp/crt0.o (__libc_init_array)
c:/st/stm32cubeide_1.7.0/stm32cubeide/plugins/com.st.stm32cube.ide.mcu.externaltools.gnu-tools-for-stm32.9-2020-q2-update.win32_2.0.0.202105311346/tools/bin/../lib/gcc/arm-none-eabi/9.3.1/../../../../arm-none-eabi/lib/thumb/v7-m/nofp\libc_nano.a(lib_a-memset.o)
                              c:/st/stm32cubeide_1.7.0/stm32cubeide/plugins/com.st.stm32cube.ide.mcu.externaltools.gnu-tools-for-stm32.9-2020-q2-update.win32_2.0.0.202105311346/tools/bin/../lib/gcc/arm-none-eabi/9.3.1/../../../../arm-none-eabi/lib/thumb/v7-m/nofp/crt0.o (memset)
c:/st/stm32cubeide_1.7.0/stm32cubeide/plugins/com.st.stm32cube.ide.mcu.externaltools.gnu-tools-for-stm32.9-2020-q2-update.win32_2.0.0.202105311346/tools/bin/../lib/gcc/arm-none-eabi/9.3.1/../../../../arm-none-eabi/lib/thumb/v7-m/nofp\libc_nano.a(lib_a-snprintf.o)
                              ./Core/Src/lcd_i2c.o (snprintf)
c:/st/stm32cubeide_1.7.0/stm32cubeide/plugins/com.st.stm32cube.ide.mcu.externaltools.gnu-tools-for-stm32.9-2020-q2-update.win32_2.0.0.202105311346/tools/bin/../lib/gcc/arm-none-eabi/9.3.1/../../../../arm-none-eabi/lib/thumb/v7-m/nofp\libc_nano.a(lib_a-strlen.o)
                              ./Core/Src/lcd_i2c.o (strlen)
c:/st/stm32cubeide_1.7.0/stm32cubeide/plugins/com.st.stm32cube.ide.mcu.externaltools.gnu-tools-for-stm32.9-2020-q2-update.win32_2.0.0.202105311346/tools/bin/../lib/gcc/arm-none-eabi/9.3.1/../../../../arm-none-eabi/lib/thumb/v7-m/nofp\libc_nano.a(lib_a-nano-svfprintf.o)
                              c:/st/stm32cubeide_1.7.0/stm32cubeide/plugins/com.st.stm32cube.ide.mcu.externaltools.gnu-tools-for-stm32.9-2020-q2-update.win32_2.0.0.202105311346/tools/bin/../lib/gcc/arm-none-eabi/9.3.1/../../../../arm-none-eabi/lib/thumb/v7-m/nofp\libc_nano.a(lib_a-snprintf.o) (_svfprintf_r)
c:/st/stm32cubeide_1.7.0/stm32cubeide/plugins/com.st.stm32cube.ide.mcu.externaltools.gnu-tools-for-stm32.9-2020-q2-update.win32_2.0.0.202105311346/tools/bin/../lib/gcc/arm-none-eabi/9.3.1/../../../../arm-none-eabi/lib/thumb/v7-m/nofp\libc_nano.a(lib_a-nano-vfprintf_i.o)
                              c:/st/stm32cubeide_1.7.0/stm32cubeide/plugins/com.st.stm32cube.ide.mcu.externaltools.gnu-tools-for-stm32.9-2020-q2-update.win32_2.0.0.202105311346/tools/bin/../lib/gcc/arm-none-eabi/9.3.1/../../../../arm-none-eabi/lib/thumb/v7-m/nofp\libc_nano.a(lib_a-nano-svfprintf.o) (_printf_i)
c:/st/stm32cubeide_1.7.0/stm32cubeide/plugins/com.st.stm32cube.ide.mcu.externaltools.gnu-tools-for-stm32.9-2020-q2-update.win32_2.0.0.202105311346/tools/bin/../lib/gcc/arm-none-eabi/9.3.1/../../../../arm-none-eabi/lib/thumb/v7-m/nofp\libc_nano.a(lib_a-memchr-stub.o)
                              c:/st/stm32cubeide_1.7.0/stm32cubeide/plugins/com.st.stm32cube.ide.mcu.externaltools.gnu-tools-for-stm32.9-2020-q2-update.win32_2.0.0.202105311346/tools/bin/../lib/gcc/arm-none-eabi/9.3.1/../../../../arm-none-eabi/lib/thumb/v7-m/nofp\libc_nano.a(lib_a-nano-svfprintf.o) (memchr)
[...]
Memory Configuration

Name             Origin             Length             Attributes
RAM              0x0000000020000000 0x0000000000005000 xrw
FLASH            0x0000000008000000 0x0000000000010000 xr
*default*        0x0000000000000000 0xffffffffffffffff

Linker script and memory map

LOAD c:/st/stm32cubeide_1.7.0/stm32cubeide/plugins/com.st.stm32cube.ide.mcu.externaltools.gnu-tools-for-stm32.9-2020-q2-update.win32_2.0.0.202105311346/tools/bin/../lib/gcc/arm-none-eabi/9.3.1/thumb/v7-m/nofp/crti.o
LOAD c:/st/stm32cubeide_1.7.0/stm32cubeide/plugins/com.st.stm32cube.ide.mcu.externaltools.gnu-tools-for-stm32.9-2020-q2-update.win32_2.0.0.202105311346/tools/bin/../lib/gcc/arm-none-eabi/9.3.1/thumb/v7-m/nofp/crtbegin.o
LOAD c:/st/stm32cubeide_1.7.0/stm32cubeide/plugins/com.st.stm32cube.ide.mcu.externaltools.gnu-tools-for-stm32.9-2020-q2-update.win32_2.0.0.202105311346/tools/bin/../lib/gcc/arm-none-eabi/9.3.1/../../../../arm-none-eabi/lib/thumb/v7-m/nofp/crt0.o
LOAD ./Core/Src/button.o
LOAD ./Core/Src/fsm_automatic.o
LOAD ./Core/Src/fsm_setting.o
LOAD ./Core/Src/global.o
LOAD ./Core/Src/gpio.o
LOAD ./Core/Src/i2c.o
LOAD ./Core/Src/lcd_i2c.o
LOAD ./Core/Src/led7_segment.o
LOAD ./Core/Src/led_control.o
LOAD ./Core/Src/main.o
LOAD ./Core/Src/software_timer.o
LOAD ./Core/Src/stm32f1xx_hal_msp.o
LOAD ./Core/Src/stm32f1xx_it.o
LOAD ./Core/Src/syscalls.o
LOAD ./Core/Src/sysmem.o
LOAD ./Core/Src/system_stm32f1xx.o
LOAD ./Core/Src/tim.o
LOAD ./Core/Src/traffic.o
LOAD ./Core/Startup/startup_stm32f103c8tx.o
LOAD ./Drivers/STM32F1xx_HAL_Driver/Src/stm32f1xx_hal.o
LOAD ./Drivers/STM32F1xx_HAL_Driver/Src/stm32f1xx_hal_cortex.o
LOAD ./Drivers/STM32F1xx_HAL_Driver/Src/stm32f1xx_hal_dma.o
LOAD ./Drivers/STM32F1xx_HAL_Driver/Src/stm32f1xx_hal_exti.o
LOAD ./Drivers/STM32F1xx_HAL_Driver/Src/stm32f1xx_hal_flash.o
LOAD ./Drivers/STM32F1xx_HAL_Driver/Src/stm32f1xx_hal_flash_ex.o
LOAD ./Drivers/STM32F1xx_HAL_Driver/Src/stm32f1xx_hal_gpio.o
LOAD ./Drivers/STM32F1xx_HAL_Driver/Src/stm32f1xx_hal_gpio_ex.o
LOAD ./Drivers/STM32F1xx_HAL_Driver/Src/stm32f1xx_hal_i2c.o
LOAD ./Drivers/STM32F1xx_HAL_Driver/Src/stm32f1xx_hal_pwr.o
LOAD ./Drivers/STM32F1xx_HAL_Driver/Src/stm32f1xx_hal_rcc.o
LOAD ./Drivers/STM32F1xx_HAL_Driver/Src/stm32f1xx_hal_rcc_ex.o
LOAD ./Drivers/STM32F1xx_HAL_Driver/Src/stm32f1xx_hal_tim.o
LOAD ./Drivers/STM32F1xx_HAL_Driver/Src/stm32f1xx_hal_tim_ex.o
START GROUP
LOAD c:/st/stm32cubeide_1.7.0/stm32cubeide/plugins/com.st.stm32cube.ide.mcu.externaltools.gnu-tools-for-stm32.9-2020-q2-update.win32_2.0.0.202105311346/tools/bin/../lib/gcc/arm-none-eabi/9.3.1/../../../../arm-none-eabi/lib/thumb/v7-m/nofp\libc_nano.a
LOAD c:/st/stm32cubeide_1.7.0/stm32cubeide/plugins/com.st.stm32cube.ide.mcu.externaltools.gnu-tools-for-stm32.9-2020-q2-update.win32_2.0.0.202105311346/tools/bin/../lib/gcc/arm-none-eabi/9.3.1/../../../../arm-none-eabi/lib/thumb/v7-m/nofp\libm.a
END GROUP
START GROUP
LOAD c:/st/stm32cubeide_1.7.0/stm32cubeide/plugins/com.st.stm32cube.ide.mcu.externaltools.gnu-tools-for-stm32.9-2020-q2-update.win32_2.0.0.202105311346/tools/bin/../lib/gcc/arm-none-eabi/9.3.1/thumb/v7-m/nofp\libgcc.a
LOAD c:/st/stm32cubeide_1.7.0/stm32cubeide/plugins/com.st.stm32cube.ide.mcu.externaltools.gnu-tools-for-stm32.9-2020-q2-update.win32_2.0.0.202105311346/tools/bin/../lib/gcc/arm-none-eabi/9.3.1/../../../../arm-none-eabi/lib/thumb/v7-m/nofp\libc_nano.a
END GROUP
START GROUP
LOAD c:/st/stm32cubeide_1.7.0/stm32cubeide/plugins/com.st.stm32cube.ide.mcu.externaltools.gnu-tools-for-stm32.9-2020-q2-update.win32_2.0.0.202105311346/tools/bin/../lib/gcc/arm-none-eabi/9.3.1/thumb/v7-m/nofp\libgcc.a
LOAD c:/st/stm32cubeide_1.7.0/stm32cubeide/plugins/com.st.stm32cube.ide.mcu.externaltools.gnu-tools-for-stm32.9-2020-q2-update.win32_2.0.0.202105311346/tools/bin/../lib/gcc/arm-none-eabi/9.3.1/../../../../arm-none-eabi/lib/thumb/v7-m/nofp\libc_nano.a
LOAD c:/st/stm32cubeide_1.7.0/stm32cubeide/plugins/com.st.stm32cube.ide.mcu.externaltools.gnu-tools-for-stm32.9-2020-q2-update.win32_2.0.0.202105311346/tools/bin/../lib/gcc/arm-none-eabi/9.3.1/../../../../arm-none-eabi/lib/thumb/v7-m/nofp\libnosys.a
END GROUP
START GROUP
LOAD c:/st/stm32cubeide_1.7.0/stm32cubeide/plugins/com.st.stm32cube.ide.mcu.externaltools.gnu-tools-for-stm32.9-2020-q2-update.win32_2.0.0.202105311346/tools/bin/../lib/gcc/arm-none-eabi/9.3.1/thumb/v7-m/nofp\libgcc.a
LOAD c:/st/stm32cubeide_1.7.0/stm32cubeide/plugins/com.st.stm32cube.ide.mcu.externaltools.gnu-tools-for-stm32.9-2020-q2-update.win32_2.0.0.202105311346/tools/bin/../lib/gcc/arm-none-eabi/9.3.1/../../../../arm-none-eabi/lib/thumb/v7-m/nofp\libc_nano.a
LOAD c:/st/stm32cubeide_1.7.0/stm32cubeide/plugins/com.st.stm32cube.ide.mcu.externaltools.gnu-tools-for-stm32.9-2020-q2-update.win32_2.0.0.202105311346/tools/bin/../lib/gcc/arm-none-eabi/9.3.1/../../../../arm-none-eabi/lib/thumb/v7-m/nofp\libnosys.a
END GROUP
LOAD c:/st/stm32cubeide_1.7.0/stm32cubeide/plugins/com.st.stm32cube.ide.mcu.externaltools.gnu-tools-for-stm32.9-2020-q2-update.win32_2.0.0.202105311346/tools/bin/../lib/gcc/arm-none-eabi/9.3.1/thumb/v7-m/nofp/crtend.o
LOAD c:/st/stm32cubeide_1.7.0/stm32cubeide/plugins/com.st.stm32cube.ide.mcu.externaltools.gnu-tools-for-stm32.9-2020-q2-update.win32_2.0.0.202105311346/tools/bin/../lib/gcc/arm-none-eabi/9.3.1/thumb/v7-m/nofp/crtn.o
                0x0000000020005000                _estack = (ORIGIN (RAM) + LENGTH (RAM))
                0x0000000000000200                _Min_Heap_Size = 0x200
                0x0000000000000400                _Min_Stack_Size = 0x400

.isr_vector     0x0000000008000000      0x10c
                0x0000000008000000                . = ALIGN (0x4)
 *(.isr_vector)
 .isr_vector    0x0000000008000000      0x10c ./Core/Startup/startup_stm32f103c8tx.o
                0x0000000008000000                g_pfnVectors
                0x000000000800010c                . = ALIGN (0x4)

.text           0x000000000800010c     0x3e54
                0x000000000800010c                . = ALIGN (0x4)
 *(.text)
 .text          0x000000000800010c       0x40 c:/st/stm32cubeide_1.7.0/stm32cubeide/plugins/com.st.stm32cube.ide.mcu.externaltools.gnu-tools-for-stm32.9-2020-q2-update.win32_2.0.0.202105311346/tools/bin/../lib/gcc/arm-none-eabi/9.3.1/thumb/v7-m/nofp/crtbegin.o
 .text          0x000000000800014c       0x10 c:/st/stm32cubeide_1.7.0/stm32cubeide/plugins/com.st.stm32cube.ide.mcu.externaltools.gnu-tools-for-stm32.9-2020-q2-update.win32_2.0.0.202105311346/tools/bin/../lib/gcc/arm-none-eabi/9.3.1/../../../../arm-none-eabi/lib/thumb/v7-m/nofp\libc_nano.a(lib_a-strlen.o)
                0x000000000800014c                strlen
 *(.text*)
 .text.isButtonPressed
                0x000000000800015c       0x34 ./Core/Src/button.o
                0x000000000800015c                isButtonPressed
 .text.isButtonLongPressed
                0x0000000008000190       0x34 ./Core/Src/button.o
                0x0000000008000190                isButtonLongPressed
 .text.getKeyInput
                0x00000000080001c4      0x184 ./Core/Src/button.o
                0x00000000080001c4                getKeyInput
 .text.fsm_automatic_run
                0x0000000008000348      0x3f8 ./Core/Src/fsm_automatic.o
                0x0000000008000348                fsm_automatic_run
 .text.fsm_setting_run
                0x0000000008000740      0x49c ./Core/Src/fsm_setting.o
                0x0000000008000740                fsm_setting_run
 .text.set_tmp_duration
                0x0000000008000bdc       0x3c ./Core/Src/global.o
                0x0000000008000bdc                set_tmp_duration
 .text.clear_all
                0x0000000008000c18        0xc ./Core/Src/global.o
                0x0000000008000c18                clear_all
 .text.MX_GPIO_Init
                0x0000000008000c24       0xb0 ./Core/Src/gpio.o
                0x0000000008000c24                MX_GPIO_Init
 .text.MX_I2C1_Init
                0x0000000008000cd4       0x5c ./Core/Src/i2c.o
                0x0000000008000cd4                MX_I2C1_Init
 .text.HAL_I2C_MspInit
                0x0000000008000d30       0x7c ./Core/Src/i2c.o
                0x0000000008000d30                HAL_I2C_MspInit
 .text.pcf_write
                0x0000000008000dac       0x2c ./Core/Src/lcd_i2c.o
 .text.lcd_pulse_enable
                0x0000000008000dd8       0x44 ./Core/Src/lcd_i2c.o
 .text.lcd_write4
                0x0000000008000e1c       0x44 ./Core/Src/lcd_i2c.o
 .text.lcd_cmd  0x0000000008000e60       0x36 ./Core/Src/lcd_i2c.o
 .text.lcd_write_char
                0x0000000008000e96       0x30 ./Core/Src/lcd_i2c.o
 .text.lcd_init
                0x0000000008000ec6       0x6a ./Core/Src/lcd_i2c.o
                0x0000000008000ec6                lcd_init
 .text.lcd_clear
                0x0000000008000f30       0x14 ./Core/Src/lcd_i2c.o
                0x0000000008000f30                lcd_clear
 .text.lcd_print_at
                0x0000000008000f44       0x70 ./Core/Src/lcd_i2c.o
                0x0000000008000f44                lcd_print_at
 .text.lcd_display_times
                0x0000000008000fb4       0x54 ./Core/Src/lcd_i2c.o
                0x0000000008000fb4                lcd_display_times
 .text.lcd_display_mode_and_tmp
                0x0000000008001008       0x38 ./Core/Src/lcd_i2c.o
                0x0000000008001008                lcd_display_mode_and_tmp
 .text.enable_vertical
                0x0000000008001040       0x12 ./Core/Src/led7_segment.o
                0x0000000008001040                enable_vertical
 *fill*         0x0000000008001052        0x2 
 .text.horizontal_red_on
                0x0000000008001054       0x18 ./Core/Src/led_control.o
                0x0000000008001054                horizontal_red_on
 .text.horizontal_red_off
                0x000000000800106c       0x18 ./Core/Src/led_control.o
                0x000000000800106c                horizontal_red_off
 .text.horizontal_green_on
                0x0000000008001084       0x18 ./Core/Src/led_control.o
                0x0000000008001084                horizontal_green_on
 .text.horizontal_green_off
                0x000000000800109c       0x18 ./Core/Src/led_control.o
                0x000000000800109c                horizontal_green_off
 .text.horizontal_yellow_on
                0x00000000080010b4       0x18 ./Core/Src/led_control.o
                0x00000000080010b4                horizontal_yellow_on
 .text.horizontal_yellow_off
                0x00000000080010cc       0x18 ./Core/Src/led_control.o
                0x00000000080010cc                horizontal_yellow_off
 .text.vertical_red_on
                0x00000000080010e4       0x18 ./Core/Src/led_control.o
                0x00000000080010e4                vertical_red_on
 .text.vertical_red_off
                0x00000000080010fc       0x18 ./Core/Src/led_control.o
                0x00000000080010fc                vertical_red_off
 .text.vertical_green_on
                0x0000000008001114       0x18 ./Core/Src/led_control.o
                0x0000000008001114                vertical_green_on
 .text.vertical_green_off
                0x000000000800112c       0x18 ./Core/Src/led_control.o
                0x000000000800112c                vertical_green_off
 .text.vertical_yellow_on
                0x0000000008001144       0x18 ./Core/Src/led_control.o
                0x0000000008001144                vertical_yellow_on
 .text.vertical_yellow_off
                0x000000000800115c       0x18 ./Core/Src/led_control.o
                0x000000000800115c                vertical_yellow_off
 .text.main     0x0000000008001174       0x38 ./Core/Src/main.o
                0x0000000008001174                main
 .text.SystemClock_Config
                0x00000000080011ac       0x88 ./Core/Src/main.o
                0x00000000080011ac                SystemClock_Config
 .text.HAL_TIM_PeriodElapsedCallback
                0x0000000008001234       0x18 ./Core/Src/main.o
                0x0000000008001234                HAL_TIM_PeriodElapsedCallback
 .text.Error_Handler
                0x000000000800124c        0xa ./Core/Src/main.o
                0x000000000800124c                Error_Handler
 *fill*         0x0000000008001256        0x2 
 .text.setTimer
                0x0000000008001258       0x40 ./Core/Src/software_timer.o
                0x0000000008001258                setTimer
 .text.timerRun
                0x0000000008001298       0x60 ./Core/Src/software_timer.o
                0x0000000008001298                timerRun
 .text.HAL_MspInit
                0x00000000080012f8       0x64 ./Core/Src/stm32f1xx_hal_msp.o
                0x00000000080012f8                HAL_MspInit
 .text.NMI_Handler
                0x000000000800135c        0x6 ./Core/Src/stm32f1xx_it.o
                0x000000000800135c                NMI_Handler
 .text.HardFault_Handler
                0x0000000008001362        0x6 ./Core/Src/stm32f1xx_it.o
                0x0000000008001362                HardFault_Handler
 .text.MemManage_Handler
                0x0000000008001368        0x6 ./Core/Src/stm32f1xx_it.o
                0x0000000008001368                MemManage_Handler
 .text.BusFault_Handler
                0x000000000800136e        0x6 ./Core/Src/stm32f1xx_it.o
                0x000000000800136e                BusFault_Handler
 .text.UsageFault_Handler
                0x0000000008001374        0x6 ./Core/Src/stm32f1xx_it.o
                0x0000000008001374                UsageFault_Handler
 .text.SVC_Handler
                0x000000000800137a        0xc ./Core/Src/stm32f1xx_it.o
                0x000000000800137a                SVC_Handler
 .text.DebugMon_Handler
                0x0000000008001386        0xc ./Core/Src/stm32f1xx_it.o
                0x0000000008001386                DebugMon_Handler
 .text.PendSV_Handler
                0x0000000008001392        0xc ./Core/Src/stm32f1xx_it.o
                0x0000000008001392                PendSV_Handler
 .text.SysTick_Handler
                0x000000000800139e        0xc ./Core/Src/stm32f1xx_it.o
                0x000000000800139e                SysTick_Handler
 *fill*         0x00000000080013aa        0x2 
 .text.TIM2_IRQHandler
                0x00000000080013ac       0x14 ./Core/Src/stm32f1xx_it.o
                0x00000000080013ac                TIM2_IRQHandler
 .text._sbrk    0x00000000080013c0       0x6c ./Core/Src/sysmem.o
                0x00000000080013c0                _sbrk
 .text.SystemInit
                0x000000000800142c        0xc ./Core/Src/system_stm32f1xx.o
                0x000000000800142c                SystemInit
 .text.MX_TIM2_Init
                0x0000000008001438       0x98 ./Core/Src/tim.o
                0x0000000008001438                MX_TIM2_Init
 .text.HAL_TIM_Base_MspInit
                0x00000000080014d0       0x48 ./Core/Src/tim.o
                0x00000000080014d0                HAL_TIM_Base_MspInit
 .text.clear_all_led
                0x0000000008001518       0x48 ./Core/Src/traffic.o
                0x0000000008001518                clear_all_led
 .text.custom_red_mode
                0x0000000008001560       0x44 ./Core/Src/traffic.o
                0x0000000008001560                custom_red_mode
 .text.custom_green_mode
                0x00000000080015a4       0x44 ./Core/Src/traffic.o
                0x00000000080015a4                custom_green_mode
 .text.custom_yellow_mode
                0x00000000080015e8       0x44 ./Core/Src/traffic.o
                0x00000000080015e8                custom_yellow_mode
 .text.Reset_Handler
                0x000000000800162c       0x48 ./Core/Startup/startup_stm32f103c8tx.o
                0x000000000800162c                Reset_Handler
 .text.Default_Handler
                0x0000000008001674        0x2 ./Core/Startup/startup_stm32f103c8tx.o
                0x0000000008001674                RTC_Alarm_IRQHandler
                0x0000000008001674                EXTI2_IRQHandler
                0x0000000008001674                TIM1_CC_IRQHandler
                0x0000000008001674                PVD_IRQHandler
                0x0000000008001674                EXTI3_IRQHandler
                0x0000000008001674                EXTI0_IRQHandler
                0x0000000008001674                I2C2_EV_IRQHandler
                0x0000000008001674                ADC1_2_IRQHandler
                0x0000000008001674                SPI1_IRQHandler
                0x0000000008001674                TAMPER_IRQHandler
                0x0000000008001674                DMA1_Channel4_IRQHandler
                0x0000000008001674                USART3_IRQHandler
                0x0000000008001674                RTC_IRQHandler
                0x0000000008001674                DMA1_Channel7_IRQHandler
                0x0000000008001674                CAN1_RX1_IRQHandler
                0x0000000008001674                TIM4_IRQHandler
                0x0000000008001674                I2C1_EV_IRQHandler
                0x0000000008001674                DMA1_Channel6_IRQHandler
                0x0000000008001674                TIM3_IRQHandler
                0x0000000008001674                RCC_IRQHandler
                0x0000000008001674                TIM1_TRG_COM_IRQHandler
                0x0000000008001674                DMA1_Channel1_IRQHandler
                0x0000000008001674                Default_Handler
                0x0000000008001674                EXTI15_10_IRQHandler
                0x0000000008001674                EXTI9_5_IRQHandler
                0x0000000008001674                SPI2_IRQHandler
                0x0000000008001674                DMA1_Channel5_IRQHandler
                0x0000000008001674                EXTI4_IRQHandler
                0x0000000008001674                USB_LP_CAN1_RX0_IRQHandler
                0x0000000008001674                USB_HP_CAN1_TX_IRQHandler
                0x0000000008001674                DMA1_Channel3_IRQHandler
                0x0000000008001674                TIM1_UP_IRQHandler
                0x0000000008001674                WWDG_IRQHandler
                0x0000000008001674                TIM1_BRK_IRQHandler
                0x0000000008001674                EXTI1_IRQHandler
                0x0000000008001674                USART2_IRQHandler
                0x0000000008001674                I2C2_ER_IRQHandler
                0x0000000008001674                DMA1_Channel2_IRQHandler
                0x0000000008001674                CAN1_SCE_IRQHandler
                0x0000000008001674                FLASH_IRQHandler
                0x0000000008001674                USART1_IRQHandler
                0x0000000008001674                I2C1_ER_IRQHandler
                0x0000000008001674                USBWakeUp_IRQHandler
 *fill*         0x0000000008001676        0x2 
 .text.HAL_Init
                0x0000000008001678       0x2c ./Drivers/STM32F1xx_HAL_Driver/Src/stm32f1xx_hal.o
                0x0000000008001678                HAL_Init
 .text.HAL_InitTick
                0x00000000080016a4       0x60 ./Drivers/STM32F1xx_HAL_Driver/Src/stm32f1xx_hal.o
                0x00000000080016a4                HAL_InitTick
 .text.HAL_IncTick
                0x0000000008001704       0x24 ./Drivers/STM32F1xx_HAL_Driver/Src/stm32f1xx_hal.o
                0x0000000008001704                HAL_IncTick
 .text.HAL_GetTick
                0x0000000008001728       0x14 ./Drivers/STM32F1xx_HAL_Driver/Src/stm32f1xx_hal.o
                0x0000000008001728                HAL_GetTick
 .text.HAL_Delay
                0x000000000800173c       0x48 ./Drivers/STM32F1xx_HAL_Driver/Src/stm32f1xx_hal.o
                0x000000000800173c                HAL_Delay
 .text.__NVIC_SetPriorityGrouping
                0x0000000008001784       0x48 ./Drivers/STM32F1xx_HAL_Driver/Src/stm32f1xx_hal_cortex.o
 .text.__NVIC_GetPriorityGrouping
                0x00000000080017cc       0x1c ./Drivers/STM32F1xx_HAL_Driver/Src/stm32f1xx_hal_cortex.o
 .text.__NVIC_EnableIRQ
                0x00000000080017e8       0x38 ./Drivers/STM32F1xx_HAL_Driver/Src/stm32f1xx_hal_cortex.o
 .text.__NVIC_SetPriority
                0x0000000008001820       0x54 ./Drivers/STM32F1xx_HAL_Driver/Src/stm32f1xx_hal_cortex.o
 .text.NVIC_EncodePriority
                0x0000000008001874       0x64 ./Drivers/STM32F1xx_HAL_Driver/Src/stm32f1xx_hal_cortex.o
 .text.SysTick_Config
                0x00000000080018d8       0x44 ./Drivers/STM32F1xx_HAL_Driver/Src/stm32f1xx_hal_cortex.o
 .text.HAL_NVIC_SetPriorityGrouping
                0x000000000800191c       0x16 ./Drivers/STM32F1xx_HAL_Driver/Src/stm32f1xx_hal_cortex.o
                0x000000000800191c                HAL_NVIC_SetPriorityGrouping
 .text.HAL_NVIC_SetPriority
                0x0000000008001932       0x38 ./Drivers/STM32F1xx_HAL_Driver/Src/stm32f1xx_hal_cortex.o
                0x0000000008001932                HAL_NVIC_SetPriority
 .text.HAL_NVIC_EnableIRQ
                0x000000000800196a       0x1c ./Drivers/STM32F1xx_HAL_Driver/Src/stm32f1xx_hal_cortex.o
                0x000000000800196a                HAL_NVIC_EnableIRQ
 .text.HAL_SYSTICK_Config
                0x0000000008001986       0x18 ./Drivers/STM32F1xx_HAL_Driver/Src/stm32f1xx_hal_cortex.o
                0x0000000008001986                HAL_SYSTICK_Config
 *fill*         0x000000000800199e        0x2 
 .text.HAL_GPIO_Init
                0x00000000080019a0      0x308 ./Drivers/STM32F1xx_HAL_Driver/Src/stm32f1xx_hal_gpio.o
                0x00000000080019a0                HAL_GPIO_Init
 .text.HAL_GPIO_ReadPin
                0x0000000008001ca8       0x2e ./Drivers/STM32F1xx_HAL_Driver/Src/stm32f1xx_hal_gpio.o
                0x0000000008001ca8                HAL_GPIO_ReadPin
 .text.HAL_GPIO_WritePin
                0x0000000008001cd6       0x30 ./Drivers/STM32F1xx_HAL_Driver/Src/stm32f1xx_hal_gpio.o
                0x0000000008001cd6                HAL_GPIO_WritePin
 .text.HAL_GPIO_TogglePin
                0x0000000008001d06       0x32 ./Drivers/STM32F1xx_HAL_Driver/Src/stm32f1xx_hal_gpio.o
                0x0000000008001d06                HAL_GPIO_TogglePin
 .text.HAL_I2C_Init
                0x0000000008001d38      0x288 ./Drivers/STM32F1xx_HAL_Driver/Src/stm32f1xx_hal_i2c.o
                0x0000000008001d38                HAL_I2C_Init
 .text.HAL_I2C_Master_Transmit
                0x0000000008001fc0      0x1fc ./Drivers/STM32F1xx_HAL_Driver/Src/stm32f1xx_hal_i2c.o
                0x0000000008001fc0                HAL_I2C_Master_Transmit
 .text.I2C_MasterRequestWrite
                0x00000000080021bc      0x104 ./Drivers/STM32F1xx_HAL_Driver/Src/stm32f1xx_hal_i2c.o
 .text.I2C_WaitOnFlagUntilTimeout
                0x00000000080022c0       0xf4 ./Drivers/STM32F1xx_HAL_Driver/Src/stm32f1xx_hal_i2c.o
 .text.I2C_WaitOnMasterAddressFlagUntilTimeout
                0x00000000080023b4      0x140 ./Drivers/STM32F1xx_HAL_Driver/Src/stm32f1xx_hal_i2c.o
 .text.I2C_WaitOnTXEFlagUntilTimeout
                0x00000000080024f4       0x90 ./Drivers/STM32F1xx_HAL_Driver/Src/stm32f1xx_hal_i2c.o
 .text.I2C_WaitOnBTFFlagUntilTimeout
                0x0000000008002584       0x90 ./Drivers/STM32F1xx_HAL_Driver/Src/stm32f1xx_hal_i2c.o
 .text.I2C_IsAcknowledgeFailed
                0x0000000008002614       0x5c ./Drivers/STM32F1xx_HAL_Driver/Src/stm32f1xx_hal_i2c.o
 .text.HAL_RCC_OscConfig
                0x0000000008002670      0x500 ./Drivers/STM32F1xx_HAL_Driver/Src/stm32f1xx_hal_rcc.o
                0x0000000008002670                HAL_RCC_OscConfig
 .text.HAL_RCC_ClockConfig
                0x0000000008002b70      0x1d4 ./Drivers/STM32F1xx_HAL_Driver/Src/stm32f1xx_hal_rcc.o
                0x0000000008002b70                HAL_RCC_ClockConfig
 .text.HAL_RCC_GetSysClockFreq
                0x0000000008002d44       0xa8 ./Drivers/STM32F1xx_HAL_Driver/Src/stm32f1xx_hal_rcc.o
                0x0000000008002d44                HAL_RCC_GetSysClockFreq
 .text.HAL_RCC_GetHCLKFreq
                0x0000000008002dec       0x14 ./Drivers/STM32F1xx_HAL_Driver/Src/stm32f1xx_hal_rcc.o
                0x0000000008002dec                HAL_RCC_GetHCLKFreq
 .text.HAL_RCC_GetPCLK1Freq
                0x0000000008002e00       0x28 ./Drivers/STM32F1xx_HAL_Driver/Src/stm32f1xx_hal_rcc.o
                0x0000000008002e00                HAL_RCC_GetPCLK1Freq
 .text.RCC_Delay
                0x0000000008002e28       0x3c ./Drivers/STM32F1xx_HAL_Driver/Src/stm32f1xx_hal_rcc.o
 .text.HAL_TIM_Base_Init
                0x0000000008002e64       0x9e ./Drivers/STM32F1xx_HAL_Driver/Src/stm32f1xx_hal_tim.o
                0x0000000008002e64                HAL_TIM_Base_Init
 *fill*         0x0000000008002f02        0x2 
 .text.HAL_TIM_Base_Start_IT
                0x0000000008002f04       0xa4 ./Drivers/STM32F1xx_HAL_Driver/Src/stm32f1xx_hal_tim.o
                0x0000000008002f04                HAL_TIM_Base_Start_IT
 .text.HAL_TIM_IRQHandler
                0x0000000008002fa8      0x1e0 ./Drivers/STM32F1xx_HAL_Driver/Src/stm32f1xx_hal_tim.o
                0x0000000008002fa8                HAL_TIM_IRQHandler
 .text.HAL_TIM_ConfigClockSource
                0x0000000008003188      0x18e ./Drivers/STM32F1xx_HAL_Driver/Src/stm32f1xx_hal_tim.o
                0x0000000008003188                HAL_TIM_ConfigClockSource
 .text.HAL_TIM_OC_DelayElapsedCallback
                0x0000000008003316       0x12 ./Drivers/STM32F1xx_HAL_Driver/Src/stm32f1xx_hal_tim.o
                0x0000000008003316                HAL_TIM_OC_DelayElapsedCallback
 .text.HAL_TIM_IC_CaptureCallback
                0x0000000008003328       0x12 ./Drivers/STM32F1xx_HAL_Driver/Src/stm32f1xx_hal_tim.o
                0x0000000008003328                HAL_TIM_IC_CaptureCallback
 .text.HAL_TIM_PWM_PulseFinishedCallback
                0x000000000800333a       0x12 ./Drivers/STM32F1xx_HAL_Driver/Src/stm32f1xx_hal_tim.o
                0x000000000800333a                HAL_TIM_PWM_PulseFinishedCallback
 .text.HAL_TIM_TriggerCallback
                0x000000000800334c       0x12 ./Drivers/STM32F1xx_HAL_Driver/Src/stm32f1xx_hal_tim.o
                0x000000000800334c                HAL_TIM_TriggerCallback
 *fill*         0x000000000800335e        0x2 
 .text.TIM_Base_SetConfig
                0x0000000008003360       0xdc ./Drivers/STM32F1xx_HAL_Driver/Src/stm32f1xx_hal_tim.o
                0x0000000008003360                TIM_Base_SetConfig
 .text.TIM_TI1_ConfigInputStage
                0x000000000800343c       0x5c ./Drivers/STM32F1xx_HAL_Driver/Src/stm32f1xx_hal_tim.o
 .text.TIM_TI2_ConfigInputStage
                0x0000000008003498       0x5e ./Drivers/STM32F1xx_HAL_Driver/Src/stm32f1xx_hal_tim.o
 .text.TIM_ITRx_SetConfig
                0x00000000080034f6       0x34 ./Drivers/STM32F1xx_HAL_Driver/Src/stm32f1xx_hal_tim.o
 .text.TIM_ETR_SetConfig
                0x000000000800352a       0x3e ./Drivers/STM32F1xx_HAL_Driver/Src/stm32f1xx_hal_tim.o
                0x000000000800352a                TIM_ETR_SetConfig
 .text.HAL_TIMEx_MasterConfigSynchronization
                0x0000000008003568       0xbc ./Drivers/STM32F1xx_HAL_Driver/Src/stm32f1xx_hal_tim_ex.o
                0x0000000008003568                HAL_TIMEx_MasterConfigSynchronization
 .text.HAL_TIMEx_CommutCallback
                0x0000000008003624       0x12 ./Drivers/STM32F1xx_HAL_Driver/Src/stm32f1xx_hal_tim_ex.o
                0x0000000008003624                HAL_TIMEx_CommutCallback
 .text.HAL_TIMEx_BreakCallback
                0x0000000008003636       0x12 ./Drivers/STM32F1xx_HAL_Driver/Src/stm32f1xx_hal_tim_ex.o
                0x0000000008003636                HAL_TIMEx_BreakCallback
 .text.__errno  0x0000000008003648        0xc c:/st/stm32cubeide_1.7.0/stm32cubeide/plugins/com.st.stm32cube.ide.mcu.externaltools.gnu-tools-for-stm32.9-2020-q2-update.win32_2.0.0.202105311346/tools/bin/../lib/gcc/arm-none-eabi/9.3.1/../../../../arm-none-eabi/lib/thumb/v7-m/nofp\libc_nano.a(lib_a-errno.o)
                0x0000000008003648                __errno
 .text.__libc_init_array
                0x0000000008003654       0x48 c:/st/stm32cubeide_1.7.0/stm32cubeide/plugins/com.st.stm32cube.ide.mcu.externaltools.gnu-tools-for-stm32.9-2020-q2-update.win32_2.0.0.202105311346/tools/bin/../lib/gcc/arm-none-eabi/9.3.1/../../../../arm-none-eabi/lib/thumb/v7-m/nofp\libc_nano.a(lib_a-init.o)
                0x0000000008003654                __libc_init_array
 .text.memset   0x000000000800369c       0x10 c:/st/stm32cubeide_1.7.0/stm32cubeide/plugins/com.st.stm32cube.ide.mcu.externaltools.gnu-tools-for-stm32.9-2020-q2-update.win32_2.0.0.202105311346/tools/bin/../lib/gcc/arm-none-eabi/9.3.1/../../../../arm-none-eabi/lib/thumb/v7-m/nofp\libc_nano.a(lib_a-memset.o)
                0x000000000800369c                memset
 .text.snprintf
                0x00000000080036ac       0x68 c:/st/stm32cubeide_1.7.0/stm32cubeide/plugins/com.st.stm32cube.ide.mcu.externaltools.gnu-tools-for-stm32.9-2020-q2-update.win32_2.0.0.202105311346/tools/bin/../lib/gcc/arm-none-eabi/9.3.1/../../../../arm-none-eabi/lib/thumb/v7-m/nofp\libc_nano.a(lib_a-snprintf.o)
                0x00000000080036ac                sniprintf
                0x00000000080036ac                snprintf
 .text.__ssputs_r
                0x0000000008003714       0xb6 c:/st/stm32cubeide_1.7.0/stm32cubeide/plugins/com.st.stm32cube.ide.mcu.externaltools.gnu-tools-for-stm32.9-2020-q2-update.win32_2.0.0.202105311346/tools/bin/../lib/gcc/arm-none-eabi/9.3.1/../../../../arm-none-eabi/lib/thumb/v7-m/nofp\libc_nano.a(lib_a-nano-svfprintf.o)
                0x0000000008003714                __ssputs_r
 *fill*         0x00000000080037ca        0x2 
 .text._svfprintf_r
                0x00000000080037cc      0x200 c:/st/stm32cubeide_1.7.0/stm32cubeide/plugins/com.st.stm32cube.ide.mcu.externaltools.gnu-tools-for-stm32.9-2020-q2-update.win32_2.0.0.202105311346/tools/bin/../lib/gcc/arm-none-eabi/9.3.1/../../../../arm-none-eabi/lib/thumb/v7-m/nofp\libc_nano.a(lib_a-nano-svfprintf.o)
                0x00000000080037cc                _svfiprintf_r
                0x00000000080037cc                _svfprintf_r
 .text._printf_common
                0x00000000080039cc       0xde c:/st/stm32cubeide_1.7.0/stm32cubeide/plugins/com.st.stm32cube.ide.mcu.externaltools.gnu-tools-for-stm32.9-2020-q2-update.win32_2.0.0.202105311346/tools/bin/../lib/gcc/arm-none-eabi/9.3.1/../../../../arm-none-eabi/lib/thumb/v7-m/nofp\libc_nano.a(lib_a-nano-vfprintf_i.o)
                0x00000000080039cc                _printf_common
 *fill*         0x0000000008003aaa        0x2 
 .text._printf_i
                0x0000000008003aac      0x24c c:/st/stm32cubeide_1.7.0/stm32cubeide/plugins/com.st.stm32cube.ide.mcu.externaltools.gnu-tools-for-stm32.9-2020-q2-update.win32_2.0.0.202105311346/tools/bin/../lib/gcc/arm-none-eabi/9.3.1/../../../../arm-none-eabi/lib/thumb/v7-m/nofp\libc_nano.a(lib_a-nano-vfprintf_i.o)
                0x0000000008003aac                _printf_i
 .text.memchr   0x0000000008003cf8       0x1c c:/st/stm32cubeide_1.7.0/stm32cubeide/plugins/com.st.stm32cube.ide.mcu.externaltools.gnu-tools-for-stm32.9-2020-q2-update.win32_2.0.0.202105311346/tools/bin/../lib/gcc/arm-none-eabi/9.3.1/../../../../arm-none-eabi/lib/thumb/v7-m/nofp\libc_nano.a(lib_a-memchr-stub.o)
                0x0000000008003cf8                memchr
 .text.memcpy   0x0000000008003d14       0x1c c:/st/stm32cubeide_1.7.0/stm32cubeide/plugins/com.st.stm32cube.ide.mcu.externaltools.gnu-tools-for-stm32.9-2020-q2-update.win32_2.0.0.202105311346/tools/bin/../lib/gcc/arm-none-eabi/9.3.1/../../../../arm-none-eabi/lib/thumb/v7-m/nofp\libc_nano.a(lib_a-memcpy-stub.o)
                0x0000000008003d14                memcpy
 .text.memmove  0x0000000008003d30       0x34 c:/st/stm32cubeide_1.7.0/stm32cubeide/plugins/com.st.stm32cube.ide.mcu.externaltools.gnu-tools-for-stm32.9-2020-q2-update.win32_2.0.0.202105311346/tools/bin/../lib/gcc/arm-none-eabi/9.3.1/../../../../arm-none-eabi/lib/thumb/v7-m/nofp\libc_nano.a(lib_a-memmove.o)
                0x0000000008003d30                memmove
 .text._free_r  0x0000000008003d64       0x98 c:/st/stm32cubeide_1.7.0/stm32cubeide/plugins/com.st.stm32cube.ide.mcu.externaltools.gnu-tools-for-stm32.9-2020-q2-update.win32_2.0.0.202105311346/tools/bin/../lib/gcc/arm-none-eabi/9.3.1/../../../../arm-none-eabi/lib/thumb/v7-m/nofp\libc_nano.a(lib_a-nano-freer.o)
                0x0000000008003d64                _free_r
 .text._malloc_r
                0x0000000008003dfc       0xb4 c:/st/stm32cubeide_1.7.0/stm32cubeide/plugins/com.st.stm32cube.ide.mcu.externaltools.gnu-tools-for-stm32.9-2020-q2-update.win32_2.0.0.202105311346/tools/bin/../lib/gcc/arm-none-eabi/9.3.1/../../../../arm-none-eabi/lib/thumb/v7-m/nofp\libc_nano.a(lib_a-nano-mallocr.o)
                0x0000000008003dfc                _malloc_r
 .text._realloc_r
                0x0000000008003eb0       0x4c c:/st/stm32cubeide_1.7.0/stm32cubeide/plugins/com.st.stm32cube.ide.mcu.externaltools.gnu-tools-for-stm32.9-2020-q2-update.win32_2.0.0.202105311346/tools/bin/../lib/gcc/arm-none-eabi/9.3.1/../../../../arm-none-eabi/lib/thumb/v7-m/nofp\libc_nano.a(lib_a-nano-reallocr.o)
                0x0000000008003eb0                _realloc_r
 .text._sbrk_r  0x0000000008003efc       0x20 c:/st/stm32cubeide_1.7.0/stm32cubeide/plugins/com.st.stm32cube.ide.mcu.externaltools.gnu-tools-for-stm32.9-2020-q2-update.win32_2.0.0.202105311346/tools/bin/../lib/gcc/arm-none-eabi/9.3.1/../../../../arm-none-eabi/lib/thumb/v7-m/nofp\libc_nano.a(lib_a-sbrkr.o)
                0x0000000008003efc                _sbrk_r
 .text.__malloc_lock
                0x0000000008003f1c        0xc c:/st/stm32cubeide_1.7.0/stm32cubeide/plugins/com.st.stm32cube.ide.mcu.externaltools.gnu-tools-for-stm32.9-2020-q2-update.win32_2.0.0.202105311346/tools/bin/../lib/gcc/arm-none-eabi/9.3.1/../../../../arm-none-eabi/lib/thumb/v7-m/nofp\libc_nano.a(lib_a-mlock.o)
                0x0000000008003f1c                __malloc_lock
 .text.__malloc_unlock
                0x0000000008003f28        0xc c:/st/stm32cubeide_1.7.0/stm32cubeide/plugins/com.st.stm32cube.ide.mcu.externaltools.gnu-tools-for-stm32.9-2020-q2-update.win32_2.0.0.202105311346/tools/bin/../lib/gcc/arm-none-eabi/9.3.1/../../../../arm-none-eabi/lib/thumb/v7-m/nofp\libc_nano.a(lib_a-mlock.o)
                0x0000000008003f28                __malloc_unlock
 .text._malloc_usable_size_r
                0x0000000008003f34       0x10 c:/st/stm32cubeide_1.7.0/stm32cubeide/plugins/com.st.stm32cube.ide.mcu.externaltools.gnu-tools-for-stm32.9-2020-q2-update.win32_2.0.0.202105311346/tools/bin/../lib/gcc/arm-none-eabi/9.3.1/../../../../arm-none-eabi/lib/thumb/v7-m/nofp\libc_nano.a(lib_a-nano-msizer.o)
                0x0000000008003f34                _malloc_usable_size_r
 .text.__retarget_lock_acquire_recursive
                0x0000000008003f44        0x2 c:/st/stm32cubeide_1.7.0/stm32cubeide/plugins/com.st.stm32cube.ide.mcu.externaltools.gnu-tools-for-stm32.9-2020-q2-update.win32_2.0.0.202105311346/tools/bin/../lib/gcc/arm-none-eabi/9.3.1/../../../../arm-none-eabi/lib/thumb/v7-m/nofp\libc_nano.a(lib_a-lock.o)
                0x0000000008003f44                __retarget_lock_acquire_recursive
 .text.__retarget_lock_release_recursive
                0x0000000008003f46        0x2 c:/st/stm32cubeide_1.7.0/stm32cubeide/plugins/com.st.stm32cube.ide.mcu.externaltools.gnu-tools-for-stm32.9-2020-q2-update.win32_2.0.0.202105311346/tools/bin/../lib/gcc/arm-none-eabi/9.3.1/../../../../arm-none-eabi/lib/thumb/v7-m/nofp\libc_nano.a(lib_a-lock.o)
                0x0000000008003f46                __retarget_lock_release_recursive
 *(.glue_7)
 .glue_7        0x0000000008003f48        0x0 linker stubs
 *(.glue_7t)
 .glue_7t       0x0000000008003f48        0x0 linker stubs
 *(.eh_frame)
 .eh_frame      0x0000000008003f48        0x0 c:/st/stm32cubeide_1.7.0/stm32cubeide/plugins/com.st.stm32cube.ide.mcu.externaltools.gnu-tools-for-stm32.9-2020-q2-update.win32_2.0.0.202105311346/tools/bin/../lib/gcc/arm-none-eabi/9.3.1/thumb/v7-m/nofp/crtbegin.o
 *(.init)
 .init          0x0000000008003f48        0x4 c:/st/stm32cubeide_1.7.0/stm32cubeide/plugins/com.st.stm32cube.ide.mcu.externaltools.gnu-tools-for-stm32.9-2020-q2-update.win32_2.0.0.202105311346/tools/bin/../lib/gcc/arm-none-eabi/9.3.1/thumb/v7-m/nofp/crti.o
                0x0000000008003f48                _init
 .init          0x0000000008003f4c        0x8 c:/st/stm32cubeide_1.7.0/stm32cubeide/plugins/com.st.stm32cube.ide.mcu.externaltools.gnu-tools-for-stm32.9-2020-q2-update.win32_2.0.0.202105311346/tools/bin/../lib/gcc/arm-none-eabi/9.3.1/thumb/v7-m/nofp/crtn.o
 *(.fini)
 .fini          0x0000000008003f54        0x4 c:/st/stm32cubeide_1.7.0/stm32cubeide/plugins/com.st.stm32cube.ide.mcu.externaltools.gnu-tools-for-stm32.9-2020-q2-update.win32_2.0.0.202105311346/tools/bin/../lib/gcc/arm-none-eabi/9.3.1/thumb/v7-m/nofp/crti.o
                0x0000000008003f54                _fini
 .fini          0x0000000008003f58        0x8 c:/st/stm32cubeide_1.7.0/stm32cubeide/plugins/com.st.stm32cube.ide.mcu.externaltools.gnu-tools-for-stm32.9-2020-q2-update.win32_2.0.0.202105311346/tools/bin/../lib/gcc/arm-none-eabi/9.3.1/thumb/v7-m/nofp/crtn.o
                0x0000000008003f60                . = ALIGN (0x4)
                0x0000000008003f60                _etext = .

.vfp11_veneer   0x0000000008003f60        0x0
 .vfp11_veneer  0x0000000008003f60        0x0 linker stubs

.v4_bx          0x0000000008003f60        0x0
 .v4_bx         0x0000000008003f60        0x0 linker stubs

.iplt           0x0000000008003f60        0x0
 .iplt          0x0000000008003f60        0x0 c:/st/stm32cubeide_1.7.0/stm32cubeide/plugins/com.st.stm32cube.ide.mcu.externaltools.gnu-tools-for-stm32.9-2020-q2-update.win32_2.0.0.202105311346/tools/bin/../lib/gcc/arm-none-eabi/9.3.1/thumb/v7-m/nofp/crtbegin.o

.rodata         0x0000000008003f60       0x94
                0x0000000008003f60                . = ALIGN (0x4)
 *(.rodata)
 .rodata        0x0000000008003f60       0x34 ./Core/Src/lcd_i2c.o
 *(.rodata*)
 .rodata.AHBPrescTable
                0x0000000008003f94       0x10 ./Core/Src/system_stm32f1xx.o
                0x0000000008003f94                AHBPrescTable
 .rodata.APBPrescTable
                0x0000000008003fa4        0x8 ./Core/Src/system_stm32f1xx.o
                0x0000000008003fa4                APBPrescTable
 .rodata.aPLLMULFactorTable.6283
                0x0000000008003fac       0x10 ./Drivers/STM32F1xx_HAL_Driver/Src/stm32f1xx_hal_rcc.o
 .rodata.aPredivFactorTable.6284
                0x0000000008003fbc        0x2 ./Drivers/STM32F1xx_HAL_Driver/Src/stm32f1xx_hal_rcc.o
 .rodata._svfprintf_r.str1.1
                0x0000000008003fbe       0x11 c:/st/stm32cubeide_1.7.0/stm32cubeide/plugins/com.st.stm32cube.ide.mcu.externaltools.gnu-tools-for-stm32.9-2020-q2-update.win32_2.0.0.202105311346/tools/bin/../lib/gcc/arm-none-eabi/9.3.1/../../../../arm-none-eabi/lib/thumb/v7-m/nofp\libc_nano.a(lib_a-nano-svfprintf.o)
 .rodata._printf_i.str1.1
                0x0000000008003fcf       0x22 c:/st/stm32cubeide_1.7.0/stm32cubeide/plugins/com.st.stm32cube.ide.mcu.externaltools.gnu-tools-for-stm32.9-2020-q2-update.win32_2.0.0.202105311346/tools/bin/../lib/gcc/arm-none-eabi/9.3.1/../../../../arm-none-eabi/lib/thumb/v7-m/nofp\libc_nano.a(lib_a-nano-vfprintf_i.o)
                0x0000000008003ff4                . = ALIGN (0x4)
 *fill*         0x0000000008003ff1        0x3 

.rel.dyn        0x0000000008003ff4        0x0
 .rel.iplt      0x0000000008003ff4        0x0 c:/st/stm32cubeide_1.7.0/stm32cubeide/plugins/com.st.stm32cube.ide.mcu.externaltools.gnu-tools-for-stm32.9-2020-q2-update.win32_2.0.0.202105311346/tools/bin/../lib/gcc/arm-none-eabi/9.3.1/thumb/v7-m/nofp/crtbegin.o

.ARM.extab      0x0000000008003ff4        0x0
                0x0000000008003ff4                . = ALIGN (0x4)
 *(.ARM.extab* .gnu.linkonce.armextab.*)
                0x0000000008003ff4                . = ALIGN (0x4)

.ARM            0x0000000008003ff4        0x0
                0x0000000008003ff4                . = ALIGN (0x4)
                0x0000000008003ff4                __exidx_start = .
 *(.ARM.exidx*)
                0x0000000008003ff4                __exidx_end = .
                0x0000000008003ff4                . = ALIGN (0x4)

.preinit_array  0x0000000008003ff4        0x0
                0x0000000008003ff4                . = ALIGN (0x4)
                0x0000000008003ff4                PROVIDE (__preinit_array_start = .)
 *(.preinit_array*)
                0x0000000008003ff4                PROVIDE (__preinit_array_end = .)
                0x0000000008003ff4                . = ALIGN (0x4)

.init_array     0x0000000008003ff4        0x4
                0x0000000008003ff4                . = ALIGN (0x4)
                0x0000000008003ff4                PROVIDE (__init_array_start = .)
 *(SORT_BY_NAME(.init_array.*))
 *(.init_array*)
 .init_array    0x0000000008003ff4        0x4 c:/st/stm32cubeide_1.7.0/stm32cubeide/plugins/com.st.stm32cube.ide.mcu.externaltools.gnu-tools-for-stm32.9-2020-q2-update.win32_2.0.0.202105311346/tools/bin/../lib/gcc/arm-none-eabi/9.3.1/thumb/v7-m/nofp/crtbegin.o
                0x0000000008003ff8                PROVIDE (__init_array_end = .)
                0x0000000008003ff8                . = ALIGN (0x4)

.fini_array     0x0000000008003ff8        0x4
                0x0000000008003ff8                . = ALIGN (0x4)
                [!provide]                        PROVIDE (__fini_array_start = .)
 *(SORT_BY_NAME(.fini_array.*))
 *(.fini_array*)
 .fini_array    0x0000000008003ff8        0x4 c:/st/stm32cubeide_1.7.0/stm32cubeide/plugins/com.st.stm32cube.ide.mcu.externaltools.gnu-tools-for-stm32.9-2020-q2-update.win32_2.0.0.202105311346/tools/bin/../lib/gcc/arm-none-eabi/9.3.1/thumb/v7-m/nofp/crtbegin.o
                [!provide]                        PROVIDE (__fini_array_end = .)
                0x0000000008003ffc                . = ALIGN (0x4)
                0x0000000008003ffc                _sidata = LOADADDR (.data)

.data           0x0000000020000000       0xcc load address 0x0000000008003ffc
                0x0000000020000000                . = ALIGN (0x4)
                0x0000000020000000                _sdata = .
 *(.data)
 *(.data*)
 .data.KeyReg0  0x0000000020000000       0x10 ./Core/Src/button.o
                0x0000000020000000                KeyReg0
 .data.KeyReg1  0x0000000020000010       0x10 ./Core/Src/button.o
                0x0000000020000010                KeyReg1
 .data.KeyReg2  0x0000000020000020       0x10 ./Core/Src/button.o
                0x0000000020000020                KeyReg2
 .data.KeyReg3  0x0000000020000030       0x10 ./Core/Src/button.o
                0x0000000020000030                KeyReg3
 .data.status_horizontal_traffic
                0x0000000020000040        0x4 ./Core/Src/global.o
                0x0000000020000040                status_horizontal_traffic
 .data.status_vertical_traffic
                0x0000000020000044        0x4 ./Core/Src/global.o
                0x0000000020000044                status_vertical_traffic
 .data.red_duration
                0x0000000020000048        0x4 ./Core/Src/global.o
                0x0000000020000048                red_duration
 .data.green_duration
                0x000000002000004c        0x4 ./Core/Src/global.o
                0x000000002000004c                green_duration
 .data.yellow_duration
                0x0000000020000050        0x4 ./Core/Src/global.o
                0x0000000020000050                yellow_duration
 .data.counter_horizontal
                0x0000000020000054        0x4 ./Core/Src/global.o
                0x0000000020000054                counter_horizontal
 .data.counter_vertical
                0x0000000020000058        0x4 ./Core/Src/global.o
                0x0000000020000058                counter_vertical
 .data.SystemCoreClock
                0x000000002000005c        0x4 ./Core/Src/system_stm32f1xx.o
                0x000000002000005c                SystemCoreClock
 .data.uwTickPrio
                0x0000000020000060        0x4 ./Drivers/STM32F1xx_HAL_Driver/Src/stm32f1xx_hal.o
                0x0000000020000060                uwTickPrio
 .data.uwTickFreq
                0x0000000020000064        0x1 ./Drivers/STM32F1xx_HAL_Driver/Src/stm32f1xx_hal.o
                0x0000000020000064                uwTickFreq
 *fill*         0x0000000020000065        0x3 
 .data._impure_ptr
                0x0000000020000068        0x4 c:/st/stm32cubeide_1.7.0/stm32cubeide/plugins/com.st.stm32cube.ide.mcu.externaltools.gnu-tools-for-stm32.9-2020-q2-update.win32_2.0.0.202105311346/tools/bin/../lib/gcc/arm-none-eabi/9.3.1/../../../../arm-none-eabi/lib/thumb/v7-m/nofp\libc_nano.a(lib_a-impure.o)
                0x0000000020000068                _impure_ptr
 .data.impure_data
                0x000000002000006c       0x60 c:/st/stm32cubeide_1.7.0/stm32cubeide/plugins/com.st.stm32cube.ide.mcu.externaltools.gnu-tools-for-stm32.9-2020-q2-update.win32_2.0.0.202105311346/tools/bin/../lib/gcc/arm-none-eabi/9.3.1/../../../../arm-none-eabi/lib/thumb/v7-m/nofp\libc_nano.a(lib_a-impure.o)
 *(.RamFunc)
 *(.RamFunc*)
                0x00000000200000cc                . = ALIGN (0x4)
                0x00000000200000cc                _edata = .

.igot.plt       0x00000000200000cc        0x0 load address 0x00000000080040c8
 .igot.plt      0x00000000200000cc        0x0 c:/st/stm32cubeide_1.7.0/stm32cubeide/plugins/com.st.stm32cube.ide.mcu.externaltools.gnu-tools-for-stm32.9-2020-q2-update.win32_2.0.0.202105311346/tools/bin/../lib/gcc/arm-none-eabi/9.3.1/thumb/v7-m/nofp/crtbegin.o
                0x00000000200000cc                . = ALIGN (0x4)

.bss            0x00000000200000cc      0x160 load address 0x00000000080040c8
                0x00000000200000cc                _sbss = .
                0x00000000200000cc                __bss_start__ = _sbss
 *(.bss)
 .bss           0x00000000200000cc       0x1c c:/st/stm32cubeide_1.7.0/stm32cubeide/plugins/com.st.stm32cube.ide.mcu.externaltools.gnu-tools-for-stm32.9-2020-q2-update.win32_2.0.0.202105311346/tools/bin/../lib/gcc/arm-none-eabi/9.3.1/thumb/v7-m/nofp/crtbegin.o
 *(.bss*)
 .bss.button_flag
                0x00000000200000e8       0x10 ./Core/Src/button.o
                0x00000000200000e8                button_flag
 .bss.red_duration_tmp
                0x00000000200000f8        0x4 ./Core/Src/global.o
                0x00000000200000f8                red_duration_tmp
 .bss.green_duration_tmp
                0x00000000200000fc        0x4 ./Core/Src/global.o
                0x00000000200000fc                green_duration_tmp
 .bss.yellow_duration_tmp
                0x0000000020000100        0x4 ./Core/Src/global.o
                0x0000000020000100                yellow_duration_tmp
 .bss.timer_counter
                0x0000000020000104       0x28 ./Core/Src/software_timer.o
                0x0000000020000104                timer_counter
 .bss.timer_flag
                0x000000002000012c       0x28 ./Core/Src/software_timer.o
                0x000000002000012c                timer_flag
 .bss.__sbrk_heap_end
                0x0000000020000154        0x4 ./Core/Src/sysmem.o
 .bss.__malloc_free_list
                0x0000000020000158        0x4 c:/st/stm32cubeide_1.7.0/stm32cubeide/plugins/com.st.stm32cube.ide.mcu.externaltools.gnu-tools-for-stm32.9-2020-q2-update.win32_2.0.0.202105311346/tools/bin/../lib/gcc/arm-none-eabi/9.3.1/../../../../arm-none-eabi/lib/thumb/v7-m/nofp\libc_nano.a(lib_a-nano-mallocr.o)
                0x0000000020000158                __malloc_free_list
 .bss.__malloc_sbrk_start
                0x000000002000015c        0x4 c:/st/stm32cubeide_1.7.0/stm32cubeide/plugins/com.st.stm32cube.ide.mcu.externaltools.gnu-tools-for-stm32.9-2020-q2-update.win32_2.0.0.202105311346/tools/bin/../lib/gcc/arm-none-eabi/9.3.1/../../../../arm-none-eabi/lib/thumb/v7-m/nofp\libc_nano.a(lib_a-nano-mallocr.o)
                0x000000002000015c                __malloc_sbrk_start
 *(COMMON)
 COMMON         0x0000000020000160       0x1c ./Core/Src/button.o
                0x0000000020000160                button_long_pressed_flag
                0x000000002000016c                TimerForPressKey
 COMMON         0x000000002000017c       0x54 ./Core/Src/i2c.o
                0x000000002000017c                hi2c1
 COMMON         0x00000000200001d0       0x48 ./Core/Src/tim.o
                0x00000000200001d0                htim2
 COMMON         0x0000000020000218        0x4 ./Drivers/STM32F1xx_HAL_Driver/Src/stm32f1xx_hal.o
                0x0000000020000218                uwTick
 COMMON         0x000000002000021c        0x4 c:/st/stm32cubeide_1.7.0/stm32cubeide/plugins/com.st.stm32cube.ide.mcu.externaltools.gnu-tools-for-stm32.9-2020-q2-update.win32_2.0.0.202105311346/tools/bin/../lib/gcc/arm-none-eabi/9.3.1/../../../../arm-none-eabi/lib/thumb/v7-m/nofp\libc_nano.a(lib_a-reent.o)
                0x000000002000021c                errno
 COMMON         0x0000000020000220        0x9 c:/st/stm32cubeide_1.7.0/stm32cubeide/plugins/com.st.stm32cube.ide.mcu.externaltools.gnu-tools-for-stm32.9-2020-q2-update.win32_2.0.0.202105311346/tools/bin/../lib/gcc/arm-none-eabi/9.3.1/../../../../arm-none-eabi/lib/thumb/v7-m/nofp\libc_nano.a(lib_a-lock.o)
                0x0000000020000220                __lock___atexit_recursive_mutex
                0x0000000020000221                __lock___arc4random_mutex
                0x0000000020000222                __lock___env_recursive_mutex
                0x0000000020000223                __lock___sinit_recursive_mutex
                0x0000000020000224                __lock___malloc_recursive_mutex
                0x0000000020000225                __lock___at_quick_exit_mutex
                0x0000000020000226                __lock___dd_hash_mutex
                0x0000000020000227                __lock___tz_mutex
                0x0000000020000228                __lock___sfp_recursive_mutex
                0x000000002000022c                . = ALIGN (0x4)
 *fill*         0x0000000020000229        0x3 
                0x000000002000022c                _ebss = .
                0x000000002000022c                __bss_end__ = _ebss

._user_heap_stack
                0x000000002000022c      0x604 load address 0x00000000080040c8
                0x0000000020000230                . = ALIGN (0x8)
 *fill*         0x000000002000022c        0x4 
                [!provide]                        PROVIDE (end = .)
                0x0000000020000230                PROVIDE (_end = .)
                0x0000000020000430                . = (. + _Min_Heap_Size)
 *fill*         0x0000000020000230      0x200 
                0x0000000020000830                . = (. + _Min_Stack_Size)
 *fill*         0x0000000020000430      0x400 
                0x0000000020000830                . = ALIGN (0x8)

/DISCARD/
 libc.a(*)
 libm.a(*)
 libgcc.a(*)

.ARM.attributes
                0x0000000000000000       0x29
 *(.ARM.attributes)
 .ARM.attributes
                0x0000000000000000       0x1d c:/st/stm32cubeide_1.7.0/stm32cubeide/plugins/com.st.stm32cube.ide.mcu.externaltools.gnu-tools-for-stm32.9-2020-q2-update.win32_2.0.0.202105311346/tools/bin/../lib/gcc/arm-none-eabi/9.3.1/thumb/v7-m/nofp/crti.o
 .ARM.attributes
                0x000000000000001d       0x2d c:/st/stm32cubeide_1.7.0/stm32cubeide/plugins/com.st.stm32cube.ide.mcu.externaltools.gnu-tools-for-stm32.9-2020-q2-update.win32_2.0.0.202105311346/tools/bin/../lib/gcc/arm-none-eabi/9.3.1/thumb/v7-m/nofp/crtbegin.o
 .ARM.attributes
                0x000000000000004a       0x2d ./Core/Src/button.o
 .ARM.attributes
                0x0000000000000077       0x2d ./Core/Src/fsm_automatic.o
 .ARM.attributes
                0x00000000000000a4       0x2d ./Core/Src/fsm_setting.o
 .ARM.attributes
                0x00000000000000d1       0x2d ./Core/Src/global.o
 .ARM.attributes
                0x00000000000000fe       0x2d ./Core/Src/gpio.o
 .ARM.attributes
                0x000000000000012b       0x2d ./Core/Src/i2c.o
 .ARM.attributes
                0x0000000000000158       0x2d ./Core/Src/lcd_i2c.o
 .ARM.attributes
                0x0000000000000185       0x2d ./Core/Src/led7_segment.o
 .ARM.attributes
                0x00000000000001b2       0x2d ./Core/Src/led_control.o
 .ARM.attributes
                0x00000000000001df       0x2d ./Core/Src/main.o
 .ARM.attributes
                0x000000000000020c       0x2d ./Core/Src/software_timer.o
 .ARM.attributes
                0x0000000000000239       0x2d ./Core/Src/stm32f1xx_hal_msp.o
 .ARM.attributes
                0x0000000000000266       0x2d ./Core/Src/stm32f1xx_it.o
 .ARM.attributes
                0x0000000000000293       0x2d ./Core/Src/sysmem.o
 .ARM.attributes
                0x00000000000002c0       0x2d ./Core/Src/system_stm32f1xx.o
 .ARM.attributes
                0x00000000000002ed       0x2d ./Core/Src/tim.o
 .ARM.attributes
                0x000000000000031a       0x2d ./Core/Src/traffic.o
 .ARM.attributes
                0x0000000000000347       0x21 ./Core/Startup/startup_stm32f103c8tx.o
 .ARM.attributes
                0x0000000000000368       0x2d ./Drivers/STM32F1xx_HAL_Driver/Src/stm32f1xx_hal.o
 .ARM.attributes
                0x0000000000000395       0x2d ./Drivers/STM32F1xx_HAL_Driver/Src/stm32f1xx_hal_cortex.o
 .ARM.attributes
                0x00000000000003c2       0x2d ./Drivers/STM32F1xx_HAL_Driver/Src/stm32f1xx_hal_gpio.o
 .ARM.attributes
                0x00000000000003ef       0x2d ./Drivers/STM32F1xx_HAL_Driver/Src/stm32f1xx_hal_i2c.o
 .ARM.attributes
                0x000000000000041c       0x2d ./Drivers/STM32F1xx_HAL_Driver/Src/stm32f1xx_hal_rcc.o
 .ARM.attributes
                0x0000000000000449       0x2d ./Drivers/STM32F1xx_HAL_Driver/Src/stm32f1xx_hal_tim.o
 .ARM.attributes
                0x0000000000000476       0x2d ./Drivers/STM32F1xx_HAL_Driver/Src/stm32f1xx_hal_tim_ex.o
 .ARM.attributes
                0x00000000000004a3       0x2d c:/st/stm32cubeide_1.7.0/stm32cubeide/plugins/com.st.stm32cube.ide.mcu.externaltools.gnu-tools-for-stm32.9-2020-q2-update.win32_2.0.0.202105311346/tools/bin/../lib/gcc/arm-none-eabi/9.3.1/../../../../arm-none-eabi/lib/thumb/v7-m/nofp\libc_nano.a(lib_a-errno.o)
 .ARM.attributes
                0x00000000000004d0       0x2d c:/st/stm32cubeide_1.7.0/stm32cubeide/plugins/com.st.stm32cube.ide.mcu.externaltools.gnu-tools-for-stm32.9-2020-q2-update.win32_2.0.0.202105311346/tools/bin/../lib/gcc/arm-none-eabi/9.3.1/../../../../arm-none-eabi/lib/thumb/v7-m/nofp\libc_nano.a(lib_a-impure.o)
 .ARM.attributes
                0x00000000000004fd       0x2d c:/st/stm32cubeide_1.7.0/stm32cubeide/plugins/com.st.stm32cube.ide.mcu.externaltools.gnu-tools-for-stm32.9-2020-q2-update.win32_2.0.0.202105311346/tools/bin/../lib/gcc/arm-none-eabi/9.3.1/../../../../arm-none-eabi/lib/thumb/v7-m/nofp\libc_nano.a(lib_a-init.o)
 .ARM.attributes
                0x000000000000052a       0x2d c:/st/stm32cubeide_1.7.0/stm32cubeide/plugins/com.st.stm32cube.ide.mcu.externaltools.gnu-tools-for-stm32.9-2020-q2-update.win32_2.0.0.202105311346/tools/bin/../lib/gcc/arm-none-eabi/9.3.1/../../../../arm-none-eabi/lib/thumb/v7-m/nofp\libc_nano.a(lib_a-memset.o)
 .ARM.attributes
                0x0000000000000557       0x2d c:/st/stm32cubeide_1.7.0/stm32cubeide/plugins/com.st.stm32cube.ide.mcu.externaltools.gnu-tools-for-stm32.9-2020-q2-update.win32_2.0.0.202105311346/tools/bin/../lib/gcc/arm-none-eabi/9.3.1/../../../../arm-none-eabi/lib/thumb/v7-m/nofp\libc_nano.a(lib_a-snprintf.o)
 .ARM.attributes
                0x0000000000000584       0x17 c:/st/stm32cubeide_1.7.0/stm32cubeide/plugins/com.st.stm32cube.ide.mcu.externaltools.gnu-tools-for-stm32.9-2020-q2-update.win32_2.0.0.202105311346/tools/bin/../lib/gcc/arm-none-eabi/9.3.1/../../../../arm-none-eabi/lib/thumb/v7-m/nofp\libc_nano.a(lib_a-strlen.o)
 .ARM.attributes
                0x000000000000059b       0x2d c:/st/stm32cubeide_1.7.0/stm32cubeide/plugins/com.st.stm32cube.ide.mcu.externaltools.gnu-tools-for-stm32.9-2020-q2-update.win32_2.0.0.202105311346/tools/bin/../lib/gcc/arm-none-eabi/9.3.1/../../../../arm-none-eabi/lib/thumb/v7-m/nofp\libc_nano.a(lib_a-nano-svfprintf.o)
 .ARM.attributes
                0x00000000000005c8       0x2d c:/st/stm32cubeide_1.7.0/stm32cubeide/plugins/com.st.stm32cube.ide.mcu.externaltools.gnu-tools-for-stm32.9-2020-q2-update.win32_2.0.0.202105311346/tools/bin/../lib/gcc/arm-none-eabi/9.3.1/../../../../arm-none-eabi/lib/thumb/v7-m/nofp\libc_nano.a(lib_a-nano-vfprintf_i.o)
 .ARM.attributes
                0x00000000000005f5       0x2d c:/st/stm32cubeide_1.7.0/stm32cubeide/plugins/com.st.stm32cube.ide.mcu.externaltools.gnu-tools-for-stm32.9-2020-q2-update.win32_2.0.0.202105311346/tools/bin/../lib/gcc/arm-none-eabi/9.3.1/../../../../arm-none-eabi/lib/thumb/v7-m/nofp\libc_nano.a(lib_a-memchr-stub.o)
 .ARM.attributes
                0x0000000000000622       0x2d c:/st/stm32cubeide_1.7.0/stm32cubeide/plugins/com.st.stm32cube.ide.mcu.externaltools.gnu-tools-for-stm32.9-2020-q2-update.win32_2.0.0.202105311346/tools/bin/../lib/gcc/arm-none-eabi/9.3.1/../../../../arm-none-eabi/lib/thumb/v7-m/nofp\libc_nano.a(lib_a-memcpy-stub.o)
 .ARM.attributes
                0x000000000000064f       0x2d c:/st/stm32cubeide_1.7.0/stm32cubeide/plugins/com.st.stm32cube.ide.mcu.externaltools.gnu-tools-for-stm32.9-2020-q2-update.win32_2.0.0.202105311346/tools/bin/../lib/gcc/arm-none-eabi/9.3.1/../../../../arm-none-eabi/lib/thumb/v7-m/nofp\libc_nano.a(lib_a-memmove.o)
 .ARM.attributes
                0x000000000000067c       0x2d c:/st/stm32cubeide_1.7.0/stm32cubeide/plugins/com.st.stm32cube.ide.mcu.externaltools.gnu-tools-for-stm32.9-2020-q2-update.win32_2.0.0.202105311346/tools/bin/../lib/gcc/arm-none-eabi/9.3.1/../../../../arm-none-eabi/lib/thumb/v7-m/nofp\libc_nano.a(lib_a-nano-freer.o)
 .ARM.attributes
                0x00000000000006a9       0x2d c:/st/stm32cubeide_1.7.0/stm32cubeide/plugins/com.st.stm32cube.ide.mcu.externaltools.gnu-tools-for-stm32.9-2020-q2-update.win32_2.0.0.202105311346/tools/bin/../lib/gcc/arm-none-eabi/9.3.1/../../../../arm-none-eabi/lib/thumb/v7-m/nofp\libc_nano.a(lib_a-nano-mallocr.o)
 .ARM.attributes
                0x00000000000006d6       0x2d c:/st/stm32cubeide_1.7.0/stm32cubeide/plugins/com.st.stm32cube.ide.mcu.externaltools.gnu-tools-for-stm32.9-2020-q2-update.win32_2.0.0.202105311346/tools/bin/../lib/gcc/arm-none-eabi/9.3.1/../../../../arm-none-eabi/lib/thumb/v7-m/nofp\libc_nano.a(lib_a-nano-reallocr.o)
 .ARM.attributes
                0x0000000000000703       0x2d c:/st/stm32cubeide_1.7.0/stm32cubeide/plugins/com.st.stm32cube.ide.mcu.externaltools.gnu-tools-for-stm32.9-2020-q2-update.win32_2.0.0.202105311346/tools/bin/../lib/gcc/arm-none-eabi/9.3.1/../../../../arm-none-eabi/lib/thumb/v7-m/nofp\libc_nano.a(lib_a-sbrkr.o)
 .ARM.attributes
                0x0000000000000730       0x2d c:/st/stm32cubeide_1.7.0/stm32cubeide/plugins/com.st.stm32cube.ide.mcu.externaltools.gnu-tools-for-stm32.9-2020-q2-update.win32_2.0.0.202105311346/tools/bin/../lib/gcc/arm-none-eabi/9.3.1/../../../../arm-none-eabi/lib/thumb/v7-m/nofp\libc_nano.a(lib_a-mlock.o)
 .ARM.attributes
                0x000000000000075d       0x2d c:/st/stm32cubeide_1.7.0/stm32cubeide/plugins/com.st.stm32cube.ide.mcu.externaltools.gnu-tools-for-stm32.9-2020-q2-update.win32_2.0.0.202105311346/tools/bin/../lib/gcc/arm-none-eabi/9.3.1/../../../../arm-none-eabi/lib/thumb/v7-m/nofp\libc_nano.a(lib_a-nano-msizer.o)
 .ARM.attributes
                0x000000000000078a       0x2d c:/st/stm32cubeide_1.7.0/stm32cubeide/plugins/com.st.stm32cube.ide.mcu.externaltools.gnu-tools-for-stm32.9-2020-q2-update.win32_2.0.0.202105311346/tools/bin/../lib/gcc/arm-none-eabi/9.3.1/../../../../arm-none-eabi/lib/thumb/v7-m/nofp\libc_nano.a(lib_a-reent.o)
 .ARM.attributes
                0x00000000000007b7       0x2d c:/st/stm32cubeide_1.7.0/stm32cubeide/plugins/com.st.stm32cube.ide.mcu.externaltools.gnu-tools-for-stm32.9-2020-q2-update.win32_2.0.0.202105311346/tools/bin/../lib/gcc/arm-none-eabi/9.3.1/../../../../arm-none-eabi/lib/thumb/v7-m/nofp\libc_nano.a(lib_a-lock.o)
 .ARM.attributes
                0x00000000000007e4       0x1d c:/st/stm32cubeide_1.7.0/stm32cubeide/plugins/com.st.stm32cube.ide.mcu.externaltools.gnu-tools-for-stm32.9-2020-q2-update.win32_2.0.0.202105311346/tools/bin/../lib/gcc/arm-none-eabi/9.3.1/thumb/v7-m/nofp/crtn.o
OUTPUT(Project_HK251.elf elf32-littlearm)
LOAD linker stubs
LOAD c:/st/stm32cubeide_1.7.0/stm32cubeide/plugins/com.st.stm32cube.ide.mcu.externaltools.gnu-tools-for-stm32.9-2020-q2-update.win32_2.0.0.202105311346/tools/bin/../lib/gcc/arm-none-eabi/9.3.1/../../../../arm-none-eabi/lib/thumb/v7-m/nofp\libc.a
LOAD c:/st/stm32cubeide_1.7.0/stm32cubeide/plugins/com.st.stm32cube.ide.mcu.externaltools.gnu-tools-for-stm32.9-2020-q2-update.win32_2.0.0.202105311346/tools/bin/../lib/gcc/arm-none-eabi/9.3.1/../../../../arm-none-eabi/lib/thumb/v7-m/nofp\libm.a
LOAD c:/st/stm32cubeide_1.7.0/stm32cubeide/plugins/com.st.stm32cube.ide.mcu.externaltools.gnu-tools-for-stm32.9-2020-q2-update.win32_2.0.0.202105311346/tools/bin/../lib/gcc/arm-none-eabi/9.3.1/thumb/v7-m/nofp\libgcc.a

.debug_info     0x0000000000000000     0xf0be
 .debug_info    0x0000000000000000      0x36f ./Core/Src/button.o
 .debug_info    0x000000000000036f      0x272 ./Core/Src/fsm_automatic.o
 .debug_info    0x00000000000005e1      0x272 ./Core/Src/fsm_setting.o
 .debug_info    0x0000000000000853      0x356 ./Core/Src/global.o
 .debug_info    0x0000000000000ba9      0x38f ./Core/Src/gpio.o
 .debug_info    0x0000000000000f38      0x8cf ./Core/Src/i2c.o
 .debug_info    0x0000000000001807     0x1212 ./Core/Src/lcd_i2c.o
 .debug_info    0x0000000000002a19      0x376 ./Core/Src/led7_segment.o
 .debug_info    0x0000000000002d8f      0x3f7 ./Core/Src/led_control.o
 .debug_info    0x0000000000003186      0xc9c ./Core/Src/main.o
 .debug_info    0x0000000000003e22       0xfd ./Core/Src/software_timer.o
 .debug_info    0x0000000000003f1f      0x2fc ./Core/Src/stm32f1xx_hal_msp.o
 .debug_info    0x000000000000421b      0x7b9 ./Core/Src/stm32f1xx_it.o
 .debug_info    0x00000000000049d4      0xa25 ./Core/Src/sysmem.o
 .debug_info    0x00000000000053f9      0x2be ./Core/Src/system_stm32f1xx.o
 .debug_info    0x00000000000056b7      0xa3a ./Core/Src/tim.o
 .debug_info    0x00000000000060f1      0x355 ./Core/Src/traffic.o
 .debug_info    0x0000000000006446       0x22 ./Core/Startup/startup_stm32f103c8tx.o
 .debug_info    0x0000000000006468      0x76a ./Drivers/STM32F1xx_HAL_Driver/Src/stm32f1xx_hal.o
 .debug_info    0x0000000000006bd2      0xbdc ./Drivers/STM32F1xx_HAL_Driver/Src/stm32f1xx_hal_cortex.o
 .debug_info    0x00000000000077ae      0x701 ./Drivers/STM32F1xx_HAL_Driver/Src/stm32f1xx_hal_gpio.o
 .debug_info    0x0000000000007eaf     0x27cb ./Drivers/STM32F1xx_HAL_Driver/Src/stm32f1xx_hal_i2c.o
 .debug_info    0x000000000000a67a      0x893 ./Drivers/STM32F1xx_HAL_Driver/Src/stm32f1xx_hal_rcc.o
 .debug_info    0x000000000000af0d     0x2c32 ./Drivers/STM32F1xx_HAL_Driver/Src/stm32f1xx_hal_tim.o
 .debug_info    0x000000000000db3f     0x157f ./Drivers/STM32F1xx_HAL_Driver/Src/stm32f1xx_hal_tim_ex.o

.debug_abbrev   0x0000000000000000     0x2723
 .debug_abbrev  0x0000000000000000      0x18c ./Core/Src/button.o
 .debug_abbrev  0x000000000000018c       0xb6 ./Core/Src/fsm_automatic.o
 .debug_abbrev  0x0000000000000242       0xb6 ./Core/Src/fsm_setting.o
 .debug_abbrev  0x00000000000002f8       0xdd ./Core/Src/global.o
 .debug_abbrev  0x00000000000003d5      0x14e ./Core/Src/gpio.o
 .debug_abbrev  0x0000000000000523      0x1bb ./Core/Src/i2c.o
 .debug_abbrev  0x00000000000006de      0x261 ./Core/Src/lcd_i2c.o
 .debug_abbrev  0x000000000000093f       0xfd ./Core/Src/led7_segment.o
 .debug_abbrev  0x0000000000000a3c       0xf8 ./Core/Src/led_control.o
 .debug_abbrev  0x0000000000000b34      0x1eb ./Core/Src/main.o
 .debug_abbrev  0x0000000000000d1f       0xf1 ./Core/Src/software_timer.o
 .debug_abbrev  0x0000000000000e10      0x11d ./Core/Src/stm32f1xx_hal_msp.o
 .debug_abbrev  0x0000000000000f2d      0x176 ./Core/Src/stm32f1xx_it.o
 .debug_abbrev  0x00000000000010a3      0x1bf ./Core/Src/sysmem.o
 .debug_abbrev  0x0000000000001262      0x14e ./Core/Src/system_stm32f1xx.o
 .debug_abbrev  0x00000000000013b0      0x1bb ./Core/Src/tim.o
 .debug_abbrev  0x000000000000156b       0xff ./Core/Src/traffic.o
 .debug_abbrev  0x000000000000166a       0x12 ./Core/Startup/startup_stm32f103c8tx.o
 .debug_abbrev  0x000000000000167c      0x1ed ./Drivers/STM32F1xx_HAL_Driver/Src/stm32f1xx_hal.o
 .debug_abbrev  0x0000000000001869      0x313 ./Drivers/STM32F1xx_HAL_Driver/Src/stm32f1xx_hal_cortex.o
 .debug_abbrev  0x0000000000001b7c      0x1e8 ./Drivers/STM32F1xx_HAL_Driver/Src/stm32f1xx_hal_gpio.o
 .debug_abbrev  0x0000000000001d64      0x288 ./Drivers/STM32F1xx_HAL_Driver/Src/stm32f1xx_hal_i2c.o
 .debug_abbrev  0x0000000000001fec      0x273 ./Drivers/STM32F1xx_HAL_Driver/Src/stm32f1xx_hal_rcc.o
 .debug_abbrev  0x000000000000225f      0x25e ./Drivers/STM32F1xx_HAL_Driver/Src/stm32f1xx_hal_tim.o
 .debug_abbrev  0x00000000000024bd      0x266 ./Drivers/STM32F1xx_HAL_Driver/Src/stm32f1xx_hal_tim_ex.o

.debug_aranges  0x0000000000000000      0xea8
 .debug_aranges
                0x0000000000000000       0x38 ./Core/Src/button.o
 .debug_aranges
                0x0000000000000038       0x20 ./Core/Src/fsm_automatic.o
 .debug_aranges
                0x0000000000000058       0x20 ./Core/Src/fsm_setting.o
 .debug_aranges
                0x0000000000000078       0x28 ./Core/Src/global.o
 .debug_aranges
                0x00000000000000a0       0x20 ./Core/Src/gpio.o
 .debug_aranges
                0x00000000000000c0       0x30 ./Core/Src/i2c.o
 .debug_aranges
                0x00000000000000f0       0x68 ./Core/Src/lcd_i2c.o
 .debug_aranges
                0x0000000000000158       0x60 ./Core/Src/led7_segment.o
 .debug_aranges
                0x00000000000001b8       0x80 ./Core/Src/led_control.o
 .debug_aranges
                0x0000000000000238       0x38 ./Core/Src/main.o
 .debug_aranges
                0x0000000000000270       0x30 ./Core/Src/software_timer.o
 .debug_aranges
                0x00000000000002a0       0x20 ./Core/Src/stm32f1xx_hal_msp.o
 .debug_aranges
                0x00000000000002c0       0x68 ./Core/Src/stm32f1xx_it.o
 .debug_aranges
                0x0000000000000328       0x20 ./Core/Src/sysmem.o
 .debug_aranges
                0x0000000000000348       0x28 ./Core/Src/system_stm32f1xx.o
 .debug_aranges
                0x0000000000000370       0x30 ./Core/Src/tim.o
 .debug_aranges
                0x00000000000003a0       0x38 ./Core/Src/traffic.o
 .debug_aranges
                0x00000000000003d8       0x28 ./Core/Startup/startup_stm32f103c8tx.o
 .debug_aranges
                0x0000000000000400       0xe0 ./Drivers/STM32F1xx_HAL_Driver/Src/stm32f1xx_hal.o
 .debug_aranges
                0x00000000000004e0      0x100 ./Drivers/STM32F1xx_HAL_Driver/Src/stm32f1xx_hal_cortex.o
 .debug_aranges
                0x00000000000005e0       0x58 ./Drivers/STM32F1xx_HAL_Driver/Src/stm32f1xx_hal_gpio.o
 .debug_aranges
                0x0000000000000638      0x2a8 ./Drivers/STM32F1xx_HAL_Driver/Src/stm32f1xx_hal_i2c.o
 .debug_aranges
                0x00000000000008e0       0x90 ./Drivers/STM32F1xx_HAL_Driver/Src/stm32f1xx_hal_rcc.o
 .debug_aranges
                0x0000000000000970      0x3d0 ./Drivers/STM32F1xx_HAL_Driver/Src/stm32f1xx_hal_tim.o
 .debug_aranges
                0x0000000000000d40      0x168 ./Drivers/STM32F1xx_HAL_Driver/Src/stm32f1xx_hal_tim_ex.o

.debug_ranges   0x0000000000000000      0xd38
 .debug_ranges  0x0000000000000000       0x28 ./Core/Src/button.o
 .debug_ranges  0x0000000000000028       0x10 ./Core/Src/fsm_automatic.o
 .debug_ranges  0x0000000000000038       0x10 ./Core/Src/fsm_setting.o
 .debug_ranges  0x0000000000000048       0x18 ./Core/Src/global.o
 .debug_ranges  0x0000000000000060       0x10 ./Core/Src/gpio.o
 .debug_ranges  0x0000000000000070       0x20 ./Core/Src/i2c.o
 .debug_ranges  0x0000000000000090       0x58 ./Core/Src/lcd_i2c.o
 .debug_ranges  0x00000000000000e8       0x50 ./Core/Src/led7_segment.o
 .debug_ranges  0x0000000000000138       0x70 ./Core/Src/led_control.o
 .debug_ranges  0x00000000000001a8       0x28 ./Core/Src/main.o
 .debug_ranges  0x00000000000001d0       0x20 ./Core/Src/software_timer.o
 .debug_ranges  0x00000000000001f0       0x10 ./Core/Src/stm32f1xx_hal_msp.o
 .debug_ranges  0x0000000000000200       0x58 ./Core/Src/stm32f1xx_it.o
 .debug_ranges  0x0000000000000258       0x10 ./Core/Src/sysmem.o
 .debug_ranges  0x0000000000000268       0x18 ./Core/Src/system_stm32f1xx.o
 .debug_ranges  0x0000000000000280       0x20 ./Core/Src/tim.o
 .debug_ranges  0x00000000000002a0       0x28 ./Core/Src/traffic.o
 .debug_ranges  0x00000000000002c8       0x20 ./Core/Startup/startup_stm32f103c8tx.o
 .debug_ranges  0x00000000000002e8       0xd0 ./Drivers/STM32F1xx_HAL_Driver/Src/stm32f1xx_hal.o
 .debug_ranges  0x00000000000003b8       0xf0 ./Drivers/STM32F1xx_HAL_Driver/Src/stm32f1xx_hal_cortex.o
 .debug_ranges  0x00000000000004a8       0x48 ./Drivers/STM32F1xx_HAL_Driver/Src/stm32f1xx_hal_gpio.o
 .debug_ranges  0x00000000000004f0      0x2b0 ./Drivers/STM32F1xx_HAL_Driver/Src/stm32f1xx_hal_i2c.o
 .debug_ranges  0x00000000000007a0       0x80 ./Drivers/STM32F1xx_HAL_Driver/Src/stm32f1xx_hal_rcc.o
 .debug_ranges  0x0000000000000820      0x3c0 ./Drivers/STM32F1xx_HAL_Driver/Src/stm32f1xx_hal_tim.o
 .debug_ranges  0x0000000000000be0      0x158 ./Drivers/STM32F1xx_HAL_Driver/Src/stm32f1xx_hal_tim_ex.o

.debug_macro    0x0000000000000000    0x191c0
 .debug_macro   0x0000000000000000      0x1d9 ./Core/Src/button.o
 .debug_macro   0x00000000000001d9      0xa9c ./Core/Src/button.o
 .debug_macro   0x0000000000000c75      0x21b ./Core/Src/button.o
 .debug_macro   0x0000000000000e90       0x2e ./Core/Src/button.o
 .debug_macro   0x0000000000000ebe       0x22 ./Core/Src/button.o
 .debug_macro   0x0000000000000ee0       0x22 ./Core/Src/button.o
 .debug_macro   0x0000000000000f02       0x8e ./Core/Src/button.o
 .debug_macro   0x0000000000000f90       0x51 ./Core/Src/button.o
 .debug_macro   0x0000000000000fe1      0x103 ./Core/Src/button.o
 .debug_macro   0x00000000000010e4       0x6a ./Core/Src/button.o
 .debug_macro   0x000000000000114e      0x1df ./Core/Src/button.o
 .debug_macro   0x000000000000132d       0x1c ./Core/Src/button.o
 .debug_macro   0x0000000000001349       0x22 ./Core/Src/button.o
 .debug_macro   0x000000000000136b       0xc3 ./Core/Src/button.o
 .debug_macro   0x000000000000142e      0xd23 ./Core/Src/button.o
 .debug_macro   0x0000000000002151     0xe09e ./Core/Src/button.o
 .debug_macro   0x00000000000101ef       0x6d ./Core/Src/button.o
 .debug_macro   0x000000000001025c     0x34a2 ./Core/Src/button.o
 .debug_macro   0x00000000000136fe      0x174 ./Core/Src/button.o
 .debug_macro   0x0000000000013872       0x5c ./Core/Src/button.o
 .debug_macro   0x00000000000138ce      0x5bc ./Core/Src/button.o
 .debug_macro   0x0000000000013e8a      0x289 ./Core/Src/button.o
 .debug_macro   0x0000000000014113      0x1cb ./Core/Src/button.o
 .debug_macro   0x00000000000142de      0x114 ./Core/Src/button.o
 .debug_macro   0x00000000000143f2      0x1b2 ./Core/Src/button.o
 .debug_macro   0x00000000000145a4       0x27 ./Core/Src/button.o
 .debug_macro   0x00000000000145cb      0x136 ./Core/Src/button.o
 .debug_macro   0x0000000000014701      0x1bc ./Core/Src/button.o
 .debug_macro   0x00000000000148bd       0x34 ./Core/Src/button.o
 .debug_macro   0x00000000000148f1       0x3c ./Core/Src/button.o
 .debug_macro   0x000000000001492d       0x57 ./Core/Src/button.o
 .debug_macro   0x0000000000014984       0x87 ./Core/Src/button.o
 .debug_macro   0x0000000000014a0b      0x240 ./Core/Src/button.o
 .debug_macro   0x0000000000014c4b      0x287 ./Core/Src/button.o
 .debug_macro   0x0000000000014ed2      0x140 ./Core/Src/button.o
 .debug_macro   0x0000000000015012      0x8ed ./Core/Src/button.o
 .debug_macro   0x00000000000158ff       0x83 ./Core/Src/button.o
 .debug_macro   0x0000000000015982       0x88 ./Core/Src/button.o
 .debug_macro   0x0000000000015a0a       0x16 ./Core/Src/button.o
 .debug_macro   0x0000000000015a20      0x21e ./Core/Src/fsm_automatic.o
 .debug_macro   0x0000000000015c3e       0x10 ./Core/Src/fsm_automatic.o
 .debug_macro   0x0000000000015c4e       0x1c ./Core/Src/fsm_automatic.o
 .debug_macro   0x0000000000015c6a       0x4c ./Core/Src/fsm_automatic.o
 .debug_macro   0x0000000000015cb6       0x16 ./Core/Src/fsm_automatic.o
 .debug_macro   0x0000000000015ccc      0x219 ./Core/Src/fsm_setting.o
 .debug_macro   0x0000000000015ee5      0x1ff ./Core/Src/global.o
 .debug_macro   0x00000000000160e4      0x1bc ./Core/Src/gpio.o
 .debug_macro   0x00000000000162a0      0x1bc ./Core/Src/i2c.o
 .debug_macro   0x000000000001645c      0x3c0 ./Core/Src/lcd_i2c.o
 .debug_macro   0x000000000001681c       0x52 ./Core/Src/lcd_i2c.o
 .debug_macro   0x000000000001686e       0x18 ./Core/Src/lcd_i2c.o
 .debug_macro   0x0000000000016886       0x3c ./Core/Src/lcd_i2c.o
 .debug_macro   0x00000000000168c2       0x34 ./Core/Src/lcd_i2c.o
 .debug_macro   0x00000000000168f6       0x16 ./Core/Src/lcd_i2c.o
 .debug_macro   0x000000000001690c       0x43 ./Core/Src/lcd_i2c.o
 .debug_macro   0x000000000001694f       0x34 ./Core/Src/lcd_i2c.o
 .debug_macro   0x0000000000016983       0x10 ./Core/Src/lcd_i2c.o
 .debug_macro   0x0000000000016993       0x58 ./Core/Src/lcd_i2c.o
 .debug_macro   0x00000000000169eb       0x71 ./Core/Src/lcd_i2c.o
 .debug_macro   0x0000000000016a5c       0x1c ./Core/Src/lcd_i2c.o
 .debug_macro   0x0000000000016a78      0x12a ./Core/Src/lcd_i2c.o
 .debug_macro   0x0000000000016ba2      0x333 ./Core/Src/lcd_i2c.o
 .debug_macro   0x0000000000016ed5       0x10 ./Core/Src/lcd_i2c.o
 .debug_macro   0x0000000000016ee5       0x35 ./Core/Src/lcd_i2c.o
 .debug_macro   0x0000000000016f1a       0x20 ./Core/Src/lcd_i2c.o
 .debug_macro   0x0000000000016f3a       0x1c ./Core/Src/lcd_i2c.o
 .debug_macro   0x0000000000016f56       0x10 ./Core/Src/lcd_i2c.o
 .debug_macro   0x0000000000016f66       0x10 ./Core/Src/lcd_i2c.o
 .debug_macro   0x0000000000016f76       0x1c ./Core/Src/lcd_i2c.o
 .debug_macro   0x0000000000016f92       0x52 ./Core/Src/lcd_i2c.o
 .debug_macro   0x0000000000016fe4       0x22 ./Core/Src/lcd_i2c.o
 .debug_macro   0x0000000000017006       0x10 ./Core/Src/lcd_i2c.o
 .debug_macro   0x0000000000017016       0x40 ./Core/Src/lcd_i2c.o
 .debug_macro   0x0000000000017056       0xd5 ./Core/Src/lcd_i2c.o
 .debug_macro   0x000000000001712b       0x1c ./Core/Src/lcd_i2c.o
 .debug_macro   0x0000000000017147       0x3d ./Core/Src/lcd_i2c.o
 .debug_macro   0x0000000000017184       0x16 ./Core/Src/lcd_i2c.o
 .debug_macro   0x000000000001719a      0x145 ./Core/Src/lcd_i2c.o
 .debug_macro   0x00000000000172df      0x209 ./Core/Src/led7_segment.o
 .debug_macro   0x00000000000174e8      0x20e ./Core/Src/led_control.o
 .debug_macro   0x00000000000176f6       0x10 ./Core/Src/led_control.o
 .debug_macro   0x0000000000017706      0x22b ./Core/Src/main.o
 .debug_macro   0x0000000000017931       0x20 ./Core/Src/software_timer.o
 .debug_macro   0x0000000000017951      0x1b2 ./Core/Src/stm32f1xx_hal_msp.o
 .debug_macro   0x0000000000017b03      0x1bc ./Core/Src/stm32f1xx_it.o
 .debug_macro   0x0000000000017cbf       0xff ./Core/Src/sysmem.o
 .debug_macro   0x0000000000017dbe      0x23b ./Core/Src/sysmem.o
 .debug_macro   0x0000000000017ff9      0x1a3 ./Core/Src/system_stm32f1xx.o
 .debug_macro   0x000000000001819c      0x1bc ./Core/Src/tim.o
 .debug_macro   0x0000000000018358      0x203 ./Core/Src/traffic.o
 .debug_macro   0x000000000001855b      0x1c7 ./Drivers/STM32F1xx_HAL_Driver/Src/stm32f1xx_hal.o
 .debug_macro   0x0000000000018722      0x1a3 ./Drivers/STM32F1xx_HAL_Driver/Src/stm32f1xx_hal_cortex.o
 .debug_macro   0x00000000000188c5      0x20e ./Drivers/STM32F1xx_HAL_Driver/Src/stm32f1xx_hal_gpio.o
 .debug_macro   0x0000000000018ad3      0x1f1 ./Drivers/STM32F1xx_HAL_Driver/Src/stm32f1xx_hal_i2c.o
 .debug_macro   0x0000000000018cc4      0x1b5 ./Drivers/STM32F1xx_HAL_Driver/Src/stm32f1xx_hal_rcc.o
 .debug_macro   0x0000000000018e79      0x1a4 ./Drivers/STM32F1xx_HAL_Driver/Src/stm32f1xx_hal_tim.o
 .debug_macro   0x000000000001901d      0x1a3 ./Drivers/STM32F1xx_HAL_Driver/Src/stm32f1xx_hal_tim_ex.o

.debug_line     0x0000000000000000    0x129dc
 .debug_line    0x0000000000000000      0x772 ./Core/Src/button.o
 .debug_line    0x0000000000000772      0x869 ./Core/Src/fsm_automatic.o
 .debug_line    0x0000000000000fdb      0x894 ./Core/Src/fsm_setting.o
 .debug_line    0x000000000000186f      0x6fb ./Core/Src/global.o
 .debug_line    0x0000000000001f6a      0x694 ./Core/Src/gpio.o
 .debug_line    0x00000000000025fe      0x6e1 ./Core/Src/i2c.o
 .debug_line    0x0000000000002cdf      0xa4c ./Core/Src/lcd_i2c.o
 .debug_line    0x000000000000372b      0x7a2 ./Core/Src/led7_segment.o
 .debug_line    0x0000000000003ecd      0x80d ./Core/Src/led_control.o
 .debug_line    0x00000000000046da      0x7a9 ./Core/Src/main.o
 .debug_line    0x0000000000004e83       0xd7 ./Core/Src/software_timer.o
 .debug_line    0x0000000000004f5a      0x67d ./Core/Src/stm32f1xx_hal_msp.o
 .debug_line    0x00000000000055d7      0x756 ./Core/Src/stm32f1xx_it.o
 .debug_line    0x0000000000005d2d      0x4f8 ./Core/Src/sysmem.o
 .debug_line    0x0000000000006225      0x6fa ./Core/Src/system_stm32f1xx.o
 .debug_line    0x000000000000691f      0x6e9 ./Core/Src/tim.o
 .debug_line    0x0000000000007008      0x73a ./Core/Src/traffic.o
 .debug_line    0x0000000000007742       0x86 ./Core/Startup/startup_stm32f103c8tx.o
 .debug_line    0x00000000000077c8      0x927 ./Drivers/STM32F1xx_HAL_Driver/Src/stm32f1xx_hal.o
 .debug_line    0x00000000000080ef      0xb0f ./Drivers/STM32F1xx_HAL_Driver/Src/stm32f1xx_hal_cortex.o
 .debug_line    0x0000000000008bfe      0x9c0 ./Drivers/STM32F1xx_HAL_Driver/Src/stm32f1xx_hal_gpio.o
 .debug_line    0x00000000000095be     0x3abd ./Drivers/STM32F1xx_HAL_Driver/Src/stm32f1xx_hal_i2c.o
 .debug_line    0x000000000000d07b      0xd33 ./Drivers/STM32F1xx_HAL_Driver/Src/stm32f1xx_hal_rcc.o
 .debug_line    0x000000000000ddae     0x33c1 ./Drivers/STM32F1xx_HAL_Driver/Src/stm32f1xx_hal_tim.o
 .debug_line    0x000000000001116f     0x186d ./Drivers/STM32F1xx_HAL_Driver/Src/stm32f1xx_hal_tim_ex.o

.debug_str      0x0000000000000000    0x8b7b9
 .debug_str     0x0000000000000000    0x8337d ./Core/Src/button.o
                                      0x836e1 (size before relaxing)
 .debug_str     0x000000000008337d      0x2aa ./Core/Src/fsm_automatic.o
                                      0x83877 (size before relaxing)
 .debug_str     0x0000000000083627       0x2a ./Core/Src/fsm_setting.o
                                      0x83834 (size before relaxing)
 .debug_str     0x0000000000083651       0x30 ./Core/Src/global.o
                                      0x8382a (size before relaxing)
 .debug_str     0x0000000000083681       0x98 ./Core/Src/gpio.o
                                      0x8365a (size before relaxing)
 .debug_str     0x0000000000083719      0x466 ./Core/Src/i2c.o
                                      0x83ae5 (size before relaxing)
 .debug_str     0x0000000000083b7f     0x41df ./Core/Src/lcd_i2c.o
                                      0x87ef2 (size before relaxing)
 .debug_str     0x0000000000087d5e       0xe1 ./Core/Src/led7_segment.o
                                      0x838e1 (size before relaxing)
 .debug_str     0x0000000000087e3f      0x110 ./Core/Src/led_control.o
                                      0x83990 (size before relaxing)
 .debug_str     0x0000000000087f4f      0x3f4 ./Core/Src/main.o
                                      0x8411f (size before relaxing)
 .debug_str     0x0000000000088343       0x59 ./Core/Src/software_timer.o
                                       0x2df4 (size before relaxing)
 .debug_str     0x000000000008839c       0x5a ./Core/Src/stm32f1xx_hal_msp.o
                                      0x83610 (size before relaxing)
 .debug_str     0x00000000000883f6       0xcd ./Core/Src/stm32f1xx_it.o
                                      0x83af7 (size before relaxing)
 .debug_str     0x00000000000884c3      0x4e9 ./Core/Src/sysmem.o
                                       0x624d (size before relaxing)
 .debug_str     0x00000000000889ac       0x52 ./Core/Src/system_stm32f1xx.o
                                      0x833e4 (size before relaxing)
 .debug_str     0x00000000000889fe      0x35b ./Core/Src/tim.o
                                      0x83e79 (size before relaxing)
 .debug_str     0x0000000000088d59       0x59 ./Core/Src/traffic.o
                                      0x83884 (size before relaxing)
 .debug_str     0x0000000000088db2       0x36 ./Core/Startup/startup_stm32f103c8tx.o
                                         0x61 (size before relaxing)
 .debug_str     0x0000000000088de8      0x304 ./Drivers/STM32F1xx_HAL_Driver/Src/stm32f1xx_hal.o
                                      0x83a75 (size before relaxing)
 .debug_str     0x00000000000890ec      0x300 ./Drivers/STM32F1xx_HAL_Driver/Src/stm32f1xx_hal_cortex.o
                                      0x83a7d (size before relaxing)
 .debug_str     0x00000000000893ec      0x324 ./Drivers/STM32F1xx_HAL_Driver/Src/stm32f1xx_hal_gpio.o
                                      0x837a8 (size before relaxing)
 .debug_str     0x0000000000089710      0xb9f ./Drivers/STM32F1xx_HAL_Driver/Src/stm32f1xx_hal_i2c.o
                                      0x84473 (size before relaxing)
 .debug_str     0x000000000008a2af      0x244 ./Drivers/STM32F1xx_HAL_Driver/Src/stm32f1xx_hal_rcc.o
                                      0x837e1 (size before relaxing)
 .debug_str     0x000000000008a4f3      0xdd8 ./Drivers/STM32F1xx_HAL_Driver/Src/stm32f1xx_hal_tim.o
                                      0x847ca (size before relaxing)
 .debug_str     0x000000000008b2cb      0x4ee ./Drivers/STM32F1xx_HAL_Driver/Src/stm32f1xx_hal_tim_ex.o
                                      0x83f6b (size before relaxing)

.comment        0x0000000000000000       0x53
 .comment       0x0000000000000000       0x53 ./Core/Src/button.o
                                         0x54 (size before relaxing)
 .comment       0x0000000000000053       0x54 ./Core/Src/fsm_automatic.o
 .comment       0x0000000000000053       0x54 ./Core/Src/fsm_setting.o
 .comment       0x0000000000000053       0x54 ./Core/Src/global.o
 .comment       0x0000000000000053       0x54 ./Core/Src/gpio.o
 .comment       0x0000000000000053       0x54 ./Core/Src/i2c.o
 .comment       0x0000000000000053       0x54 ./Core/Src/lcd_i2c.o
 .comment       0x0000000000000053       0x54 ./Core/Src/led7_segment.o
 .comment       0x0000000000000053       0x54 ./Core/Src/led_control.o
 .comment       0x0000000000000053       0x54 ./Core/Src/main.o
 .comment       0x0000000000000053       0x54 ./Core/Src/software_timer.o
 .comment       0x0000000000000053       0x54 ./Core/Src/stm32f1xx_hal_msp.o
 .comment       0x0000000000000053       0x54 ./Core/Src/stm32f1xx_it.o
 .comment       0x0000000000000053       0x54 ./Core/Src/sysmem.o
 .comment       0x0000000000000053       0x54 ./Core/Src/system_stm32f1xx.o
 .comment       0x0000000000000053       0x54 ./Core/Src/tim.o
 .comment       0x0000000000000053       0x54 ./Core/Src/traffic.o
 .comment       0x0000000000000053       0x54 ./Drivers/STM32F1xx_HAL_Driver/Src/stm32f1xx_hal.o
 .comment       0x0000000000000053       0x54 ./Drivers/STM32F1xx_HAL_Driver/Src/stm32f1xx_hal_cortex.o
 .comment       0x0000000000000053       0x54 ./Drivers/STM32F1xx_HAL_Driver/Src/stm32f1xx_hal_gpio.o
 .comment       0x0000000000000053       0x54 ./Drivers/STM32F1xx_HAL_Driver/Src/stm32f1xx_hal_i2c.o
 .comment       0x0000000000000053       0x54 ./Drivers/STM32F1xx_HAL_Driver/Src/stm32f1xx_hal_rcc.o
 .comment       0x0000000000000053       0x54 ./Drivers/STM32F1xx_HAL_Driver/Src/stm32f1xx_hal_tim.o
 .comment       0x0000000000000053       0x54 ./Drivers/STM32F1xx_HAL_Driver/Src/stm32f1xx_hal_tim_ex.o

.debug_frame    0x0000000000000000     0x3de0
 .debug_frame   0x0000000000000000       0xac ./Core/Src/button.o
 .debug_frame   0x00000000000000ac       0x2c ./Core/Src/fsm_automatic.o
 .debug_frame   0x00000000000000d8       0x2c ./Core/Src/fsm_setting.o
 .debug_frame   0x0000000000000104       0x4c ./Core/Src/global.o
 .debug_frame   0x0000000000000150       0x34 ./Core/Src/gpio.o
 .debug_frame   0x0000000000000184       0x74 ./Core/Src/i2c.o
 .debug_frame   0x00000000000001f8      0x168 ./Core/Src/lcd_i2c.o
 .debug_frame   0x0000000000000360      0x160 ./Core/Src/led7_segment.o
 .debug_frame   0x00000000000004c0      0x17c ./Core/Src/led_control.o
 .debug_frame   0x000000000000063c       0x8c ./Core/Src/main.o
 .debug_frame   0x00000000000006c8       0x88 ./Core/Src/software_timer.o
 .debug_frame   0x0000000000000750       0x38 ./Core/Src/stm32f1xx_hal_msp.o
 .debug_frame   0x0000000000000788      0x120 ./Core/Src/stm32f1xx_it.o
 .debug_frame   0x00000000000008a8       0x34 ./Core/Src/sysmem.o
 .debug_frame   0x00000000000008dc       0x58 ./Core/Src/system_stm32f1xx.o
 .debug_frame   0x0000000000000934       0x7c ./Core/Src/tim.o
 .debug_frame   0x00000000000009b0       0x80 ./Core/Src/traffic.o
 .debug_frame   0x0000000000000a30      0x334 ./Drivers/STM32F1xx_HAL_Driver/Src/stm32f1xx_hal.o
 .debug_frame   0x0000000000000d64      0x428 ./Drivers/STM32F1xx_HAL_Driver/Src/stm32f1xx_hal_cortex.o
 .debug_frame   0x000000000000118c      0x14c ./Drivers/STM32F1xx_HAL_Driver/Src/stm32f1xx_hal_gpio.o
 .debug_frame   0x00000000000012d8      0xc84 ./Drivers/STM32F1xx_HAL_Driver/Src/stm32f1xx_hal_i2c.o
 .debug_frame   0x0000000000001f5c      0x218 ./Drivers/STM32F1xx_HAL_Driver/Src/stm32f1xx_hal_rcc.o
 .debug_frame   0x0000000000002174     0x11b8 ./Drivers/STM32F1xx_HAL_Driver/Src/stm32f1xx_hal_tim.o
 .debug_frame   0x000000000000332c      0x638 ./Drivers/STM32F1xx_HAL_Driver/Src/stm32f1xx_hal_tim_ex.o
 .debug_frame   0x0000000000003964       0x20 c:/st/stm32cubeide_1.7.0/stm32cubeide/plugins/com.st.stm32cube.ide.mcu.externaltools.gnu-tools-for-stm32.9-2020-q2-update.win32_2.0.0.202105311346/tools/bin/../lib/gcc/arm-none-eabi/9.3.1/../../../../arm-none-eabi/lib/thumb/v7-m/nofp\libc_nano.a(lib_a-errno.o)
 .debug_frame   0x0000000000003984       0x2c c:/st/stm32cubeide_1.7.0/stm32cubeide/plugins/com.st.stm32cube.ide.mcu.externaltools.gnu-tools-for-stm32.9-2020-q2-update.win32_2.0.0.202105311346/tools/bin/../lib/gcc/arm-none-eabi/9.3.1/../../../../arm-none-eabi/lib/thumb/v7-m/nofp\libc_nano.a(lib_a-init.o)
 .debug_frame   0x00000000000039b0       0x20 c:/st/stm32cubeide_1.7.0/stm32cubeide/plugins/com.st.stm32cube.ide.mcu.externaltools.gnu-tools-for-stm32.9-2020-q2-update.win32_2.0.0.202105311346/tools/bin/../lib/gcc/arm-none-eabi/9.3.1/../../../../arm-none-eabi/lib/thumb/v7-m/nofp\libc_nano.a(lib_a-memset.o)
 .debug_frame   0x00000000000039d0       0x7c c:/st/stm32cubeide_1.7.0/stm32cubeide/plugins/com.st.stm32cube.ide.mcu.externaltools.gnu-tools-for-stm32.9-2020-q2-update.win32_2.0.0.202105311346/tools/bin/../lib/gcc/arm-none-eabi/9.3.1/../../../../arm-none-eabi/lib/thumb/v7-m/nofp\libc_nano.a(lib_a-snprintf.o)
 .debug_frame   0x0000000000003a4c       0x90 c:/st/stm32cubeide_1.7.0/stm32cubeide/plugins/com.st.stm32cube.ide.mcu.externaltools.gnu-tools-for-stm32.9-2020-q2-update.win32_2.0.0.202105311346/tools/bin/../lib/gcc/arm-none-eabi/9.3.1/../../../../arm-none-eabi/lib/thumb/v7-m/nofp\libc_nano.a(lib_a-nano-svfprintf.o)
 .debug_frame   0x0000000000003adc       0x60 c:/st/stm32cubeide_1.7.0/stm32cubeide/plugins/com.st.stm32cube.ide.mcu.externaltools.gnu-tools-for-stm32.9-2020-q2-update.win32_2.0.0.202105311346/tools/bin/../lib/gcc/arm-none-eabi/9.3.1/../../../../arm-none-eabi/lib/thumb/v7-m/nofp\libc_nano.a(lib_a-nano-vfprintf_i.o)
 .debug_frame   0x0000000000003b3c       0x28 c:/st/stm32cubeide_1.7.0/stm32cubeide/plugins/com.st.stm32cube.ide.mcu.externaltools.gnu-tools-for-stm32.9-2020-q2-update.win32_2.0.0.202105311346/tools/bin/../lib/gcc/arm-none-eabi/9.3.1/../../../../arm-none-eabi/lib/thumb/v7-m/nofp\libc_nano.a(lib_a-memchr-stub.o)
 .debug_frame   0x0000000000003b64       0x28 c:/st/stm32cubeide_1.7.0/stm32cubeide/plugins/com.st.stm32cube.ide.mcu.externaltools.gnu-tools-for-stm32.9-2020-q2-update.win32_2.0.0.202105311346/tools/bin/../lib/gcc/arm-none-eabi/9.3.1/../../../../arm-none-eabi/lib/thumb/v7-m/nofp\libc_nano.a(lib_a-memcpy-stub.o)
 .debug_frame   0x0000000000003b8c       0x28 c:/st/stm32cubeide_1.7.0/stm32cubeide/plugins/com.st.stm32cube.ide.mcu.externaltools.gnu-tools-for-stm32.9-2020-q2-update.win32_2.0.0.202105311346/tools/bin/../lib/gcc/arm-none-eabi/9.3.1/../../../../arm-none-eabi/lib/thumb/v7-m/nofp\libc_nano.a(lib_a-memmove.o)
 .debug_frame   0x0000000000003bb4       0x38 c:/st/stm32cubeide_1.7.0/stm32cubeide/plugins/com.st.stm32cube.ide.mcu.externaltools.gnu-tools-for-stm32.9-2020-q2-update.win32_2.0.0.202105311346/tools/bin/../lib/gcc/arm-none-eabi/9.3.1/../../../../arm-none-eabi/lib/thumb/v7-m/nofp\libc_nano.a(lib_a-nano-freer.o)
 .debug_frame   0x0000000000003bec       0x30 c:/st/stm32cubeide_1.7.0/stm32cubeide/plugins/com.st.stm32cube.ide.mcu.externaltools.gnu-tools-for-stm32.9-2020-q2-update.win32_2.0.0.202105311346/tools/bin/../lib/gcc/arm-none-eabi/9.3.1/../../../../arm-none-eabi/lib/thumb/v7-m/nofp\libc_nano.a(lib_a-nano-mallocr.o)
 .debug_frame   0x0000000000003c1c       0x3c c:/st/stm32cubeide_1.7.0/stm32cubeide/plugins/com.st.stm32cube.ide.mcu.externaltools.gnu-tools-for-stm32.9-2020-q2-update.win32_2.0.0.202105311346/tools/bin/../lib/gcc/arm-none-eabi/9.3.1/../../../../arm-none-eabi/lib/thumb/v7-m/nofp\libc_nano.a(lib_a-nano-reallocr.o)
 .debug_frame   0x0000000000003c58       0x2c c:/st/stm32cubeide_1.7.0/stm32cubeide/plugins/com.st.stm32cube.ide.mcu.externaltools.gnu-tools-for-stm32.9-2020-q2-update.win32_2.0.0.202105311346/tools/bin/../lib/gcc/arm-none-eabi/9.3.1/../../../../arm-none-eabi/lib/thumb/v7-m/nofp\libc_nano.a(lib_a-sbrkr.o)
 .debug_frame   0x0000000000003c84       0x30 c:/st/stm32cubeide_1.7.0/stm32cubeide/plugins/com.st.stm32cube.ide.mcu.externaltools.gnu-tools-for-stm32.9-2020-q2-update.win32_2.0.0.202105311346/tools/bin/../lib/gcc/arm-none-eabi/9.3.1/../../../../arm-none-eabi/lib/thumb/v7-m/nofp\libc_nano.a(lib_a-mlock.o)
 .debug_frame   0x0000000000003cb4       0x20 c:/st/stm32cubeide_1.7.0/stm32cubeide/plugins/com.st.stm32cube.ide.mcu.externaltools.gnu-tools-for-stm32.9-2020-q2-update.win32_2.0.0.202105311346/tools/bin/../lib/gcc/arm-none-eabi/9.3.1/../../../../arm-none-eabi/lib/thumb/v7-m/nofp\libc_nano.a(lib_a-nano-msizer.o)
 .debug_frame   0x0000000000003cd4       0x5c c:/st/stm32cubeide_1.7.0/stm32cubeide/plugins/com.st.stm32cube.ide.mcu.externaltools.gnu-tools-for-stm32.9-2020-q2-update.win32_2.0.0.202105311346/tools/bin/../lib/gcc/arm-none-eabi/9.3.1/../../../../arm-none-eabi/lib/thumb/v7-m/nofp\libc_nano.a(lib_a-reent.o)
 .debug_frame   0x0000000000003d30       0xb0 c:/st/stm32cubeide_1.7.0/stm32cubeide/plugins/com.st.stm32cube.ide.mcu.externaltools.gnu-tools-for-stm32.9-2020-q2-update.win32_2.0.0.202105311346/tools/bin/../lib/gcc/arm-none-eabi/9.3.1/../../../../arm-none-eabi/lib/thumb/v7-m/nofp\libc_nano.a(lib_a-lock.o)
